Loading checkpoint shards:   0%|          | 0/2 [00:00<?, ?it/s]Loading checkpoint shards:  50%|█████     | 1/2 [00:02<00:02,  2.78s/it]Loading checkpoint shards: 100%|██████████| 2/2 [00:04<00:00,  2.21s/it]Loading checkpoint shards: 100%|██████████| 2/2 [00:04<00:00,  2.29s/it]
EARLY_RECEIVER_GATE minimal_oracle_fidelity 1.0
Loading checkpoint shards:   0%|          | 0/3 [00:00<?, ?it/s]Loading checkpoint shards:  33%|███▎      | 1/3 [00:06<00:13,  6.66s/it]Loading checkpoint shards:  67%|██████▋   | 2/3 [00:13<00:06,  6.60s/it]Loading checkpoint shards: 100%|██████████| 3/3 [00:13<00:00,  3.68s/it]Loading checkpoint shards: 100%|██████████| 3/3 [00:13<00:00,  4.47s/it]
The following generation flags are not valid and may be ignored: ['temperature', 'top_p', 'top_k']. Set `TRANSFORMERS_VERBOSITY=info` for more details.
source traces 8/48
The following generation flags are not valid and may be ignored: ['temperature', 'top_p', 'top_k']. Set `TRANSFORMERS_VERBOSITY=info` for more details.
source traces 16/48
The following generation flags are not valid and may be ignored: ['temperature', 'top_p', 'top_k']. Set `TRANSFORMERS_VERBOSITY=info` for more details.
source traces 24/48
The following generation flags are not valid and may be ignored: ['temperature', 'top_p', 'top_k']. Set `TRANSFORMERS_VERBOSITY=info` for more details.
source traces 32/48
The following generation flags are not valid and may be ignored: ['temperature', 'top_p', 'top_k']. Set `TRANSFORMERS_VERBOSITY=info` for more details.
source traces 40/48
The following generation flags are not valid and may be ignored: ['temperature', 'top_p', 'top_k']. Set `TRANSFORMERS_VERBOSITY=info` for more details.
source traces 48/48
SOURCE_GATE parse_rate 1.0 parsed_objective 0.9583333333333334 exact_prefix_rate 1.0
SOURCE_GATE_SELECTED objective 0.96875 predigit_agreement 1.0
Loading checkpoint shards:   0%|          | 0/2 [00:00<?, ?it/s]Loading checkpoint shards: 100%|██████████| 2/2 [00:00<00:00, 46.35it/s]
RECEIVER_GATE minimal_oracle_fidelity 1.0
epoch 1/1 train=2.5722 val=3.3052 scale=0.11255
