RQ7 mode=gpu_smoke cells=6 n_per_cell=10 episodes=60 seed=20261009
Loading checkpoint shards:   0%|          | 0/3 [00:00<?, ?it/s]Loading checkpoint shards:  33%|███▎      | 1/3 [00:05<00:10,  5.07s/it]Loading checkpoint shards:  67%|██████▋   | 2/3 [00:10<00:05,  5.08s/it]Loading checkpoint shards: 100%|██████████| 3/3 [00:10<00:00,  2.82s/it]Loading checkpoint shards: 100%|██████████| 3/3 [00:10<00:00,  3.43s/it]
Loading checkpoint shards:   0%|          | 0/2 [00:00<?, ?it/s]Loading checkpoint shards:  50%|█████     | 1/2 [00:04<00:04,  4.30s/it]Loading checkpoint shards: 100%|██████████| 2/2 [00:05<00:00,  2.22s/it]Loading checkpoint shards: 100%|██████████| 2/2 [00:05<00:00,  2.53s/it]
The following generation flags are not valid and may be ignored: ['temperature', 'top_p', 'top_k']. Set `TRANSFORMERS_VERBOSITY=info` for more details.
generated 24/60 prompts (cap=256)
The following generation flags are not valid and may be ignored: ['temperature', 'top_p', 'top_k']. Set `TRANSFORMERS_VERBOSITY=info` for more details.
generated 48/60 prompts (cap=256)
The following generation flags are not valid and may be ignored: ['temperature', 'top_p', 'top_k']. Set `TRANSFORMERS_VERBOSITY=info` for more details.
generated 60/60 prompts (cap=256)
{
  "classification": "SMOKE_ONLY_NO_QUALIFICATION",
  "selected": null,
  "cells": [
    {
      "cell_id": "F1_add_depth1",
      "family": "F1",
      "difficulty": 1,
      "n": 10,
      "n_expected": 10,
      "A_silent_correct": 10,
      "A_silent_accuracy": 1.0,
      "A_format_valid": 10,
      "A_format_valid_rate": 1.0,
      "A_checkpoint_silence_verified": true,
      "A_mistakes": 0,
      "A_mistakes_projected_to_1600": 0.0,
      "B_restart_correct": 1,
      "B_restart_accuracy": 0.1,
      "B_restart_valid": 10,
      "B_restart_valid_rate": 1.0,
      "B_restart_reason_correct": 10,
      "B_restart_reason_accuracy": 1.0,
      "B_oracle_correct": 9,
      "B_oracle_accuracy": 0.9,
      "B_oracle_valid": 10,
      "B_oracle_valid_rate": 1.0,
      "B_oracle_minus_B_restart": 0.8,
      "B_oracle_follow_A_count": 9,
      "B_oracle_follow_A_n": 10,
      "B_oracle_follow_A_rate": 0.9,
      "gates": {
        "A_silent": true,
        "A_checkpoint_silence_by_construction": true,
        "B_oracle": true,
        "B_oracle_minus_B_restart": true,
        "A_mistakes_projected": false,
        "sample_size": true
      },
      "failed_gates": [
        "A_mistakes_projected"
      ],
      "passed": false
    },
    {
      "cell_id": "F1_add_depth2",
      "family": "F1",
      "difficulty": 2,
      "n": 10,
      "n_expected": 10,
      "A_silent_correct": 2,
      "A_silent_accuracy": 0.2,
      "A_format_valid": 10,
      "A_format_valid_rate": 1.0,
      "A_checkpoint_silence_verified": true,
      "A_mistakes": 8,
      "A_mistakes_projected_to_1600": 1280.0,
      "B_restart_correct": 0,
      "B_restart_accuracy": 0.0,
      "B_restart_valid": 10,
      "B_restart_valid_rate": 1.0,
      "B_restart_reason_correct": 10,
      "B_restart_reason_accuracy": 1.0,
      "B_oracle_correct": 2,
      "B_oracle_accuracy": 0.2,
      "B_oracle_valid": 10,
      "B_oracle_valid_rate": 1.0,
      "B_oracle_minus_B_restart": 0.2,
      "B_oracle_follow_A_count": 10,
      "B_oracle_follow_A_n": 10,
      "B_oracle_follow_A_rate": 1.0,
      "gates": {
        "A_silent": false,
        "A_checkpoint_silence_by_construction": true,
        "B_oracle": false,
        "B_oracle_minus_B_restart": false,
        "A_mistakes_projected": true,
        "sample_size": true
      },
      "failed_gates": [
        "A_silent",
        "B_oracle",
        "B_oracle_minus_B_restart"
      ],
      "passed": false
    },
    {
      "cell_id": "F2_add_mod100",
      "family": "F2",
      "difficulty": "+",
      "n": 10,
      "n_expected": 10,
      "A_silent_correct": 8,
      "A_silent_accuracy": 0.8,
      "A_format_valid": 10,
      "A_format_valid_rate": 1.0,
      "A_checkpoint_silence_verified": true,
      "A_mistakes": 2,
      "A_mistakes_projected_to_1600": 320.0,
      "B_restart_correct": 0,
      "B_restart_accuracy": 0.0,
      "B_restart_valid": 10,
      "B_restart_valid_rate": 1.0,
      "B_restart_reason_correct": 10,
      "B_restart_reason_accuracy": 1.0,
      "B_oracle_correct": 1,
      "B_oracle_accuracy": 0.1,
      "B_oracle_valid": 10,
      "B_oracle_valid_rate": 1.0,
      "B_oracle_minus_B_restart": 0.1,
      "B_oracle_follow_A_count": 3,
      "B_oracle_follow_A_n": 10,
      "B_oracle_follow_A_rate": 0.3,
      "gates": {
        "A_silent": true,
        "A_checkpoint_silence_by_construction": true,
        "B_oracle": false,
        "B_oracle_minus_B_restart": false,
        "A_mistakes_projected": true,
        "sample_size": true
      },
      "failed_gates": [
        "B_oracle",
        "B_oracle_minus_B_restart"
      ],
      "passed": false
    },
    {
      "cell_id": "F2_multiply_mod100",
      "family": "F2",
      "difficulty": "\u00d7",
      "n": 10,
      "n_expected": 10,
      "A_silent_correct": 1,
      "A_silent_accuracy": 0.1,
      "A_format_valid": 10,
      "A_format_valid_rate": 1.0,
      "A_checkpoint_silence_verified": true,
      "A_mistakes": 9,
      "A_mistakes_projected_to_1600": 1440.0,
      "B_restart_correct": 0,
      "B_restart_accuracy": 0.0,
      "B_restart_valid": 10,
      "B_restart_valid_rate": 1.0,
      "B_restart_reason_correct": 9,
      "B_restart_reason_accuracy": 0.9,
      "B_oracle_correct": 1,
      "B_oracle_accuracy": 0.1,
      "B_oracle_valid": 10,
      "B_oracle_valid_rate": 1.0,
      "B_oracle_minus_B_restart": 0.1,
      "B_oracle_follow_A_count": 2,
      "B_oracle_follow_A_n": 10,
      "B_oracle_follow_A_rate": 0.2,
      "gates": {
        "A_silent": false,
        "A_checkpoint_silence_by_construction": true,
        "B_oracle": false,
        "B_oracle_minus_B_restart": false,
        "A_mistakes_projected": true,
        "sample_size": true
      },
      "failed_gates": [
        "A_silent",
        "B_oracle",
        "B_oracle_minus_B_restart"
      ],
      "passed": false
    },
    {
      "cell_id": "F3_lookup_depth1",
      "family": "F3",
      "difficulty": 1,
      "n": 10,
      "n_expected": 10,
      "A_silent_correct": 10,
      "A_silent_accuracy": 1.0,
      "A_format_valid": 10,
      "A_format_valid_rate": 1.0,
      "A_checkpoint_silence_verified": true,
      "A_mistakes": 0,
      "A_mistakes_projected_to_1600": 0.0,
      "B_restart_correct": 3,
      "B_restart_accuracy": 0.3,
      "B_restart_valid": 10,
      "B_restart_valid_rate": 1.0,
      "B_restart_reason_correct": 10,
      "B_restart_reason_accuracy": 1.0,
      "B_oracle_correct": 8,
      "B_oracle_accuracy": 0.8,
      "B_oracle_valid": 10,
      "B_oracle_valid_rate": 1.0,
      "B_oracle_minus_B_restart": 0.5,
      "B_oracle_follow_A_count": 8,
      "B_oracle_follow_A_n": 10,
      "B_oracle_follow_A_rate": 0.8,
      "gates": {
        "A_silent": true,
        "A_checkpoint_silence_by_construction": true,
        "B_oracle": true,
        "B_oracle_minus_B_restart": true,
        "A_mistakes_projected": false,
        "sample_size": true
      },
      "failed_gates": [
        "A_mistakes_projected"
      ],
      "passed": false
    },
    {
      "cell_id": "F3_lookup_depth2",
      "family": "F3",
      "difficulty": 2,
      "n": 10,
      "n_expected": 10,
      "A_silent_correct": 5,
      "A_silent_accuracy": 0.5,
      "A_format_valid": 10,
      "A_format_valid_rate": 1.0,
      "A_checkpoint_silence_verified": true,
      "A_mistakes": 5,
      "A_mistakes_projected_to_1600": 800.0,
      "B_restart_correct": 1,
      "B_restart_accuracy": 0.1,
      "B_restart_valid": 10,
      "B_restart_valid_rate": 1.0,
      "B_restart_reason_correct": 10,
      "B_restart_reason_accuracy": 1.0,
      "B_oracle_correct": 4,
      "B_oracle_accuracy": 0.4,
      "B_oracle_valid": 10,
      "B_oracle_valid_rate": 1.0,
      "B_oracle_minus_B_restart": 0.30000000000000004,
      "B_oracle_follow_A_count": 8,
      "B_oracle_follow_A_n": 10,
      "B_oracle_follow_A_rate": 0.8,
      "gates": {
        "A_silent": false,
        "A_checkpoint_silence_by_construction": true,
        "B_oracle": false,
        "B_oracle_minus_B_restart": true,
        "A_mistakes_projected": true,
        "sample_size": true
      },
      "failed_gates": [
        "A_silent",
        "B_oracle"
      ],
      "passed": false
    }
  ]
}
