Loading checkpoint shards:   0%|          | 0/3 [00:00<?, ?it/s]Loading checkpoint shards:  33%|███▎      | 1/3 [00:03<00:06,  3.29s/it]Loading checkpoint shards:  67%|██████▋   | 2/3 [00:06<00:03,  3.31s/it]Loading checkpoint shards: 100%|██████████| 3/3 [00:06<00:00,  2.24s/it]
EARLY_RECEIVER_GATE minimal_oracle_fidelity 0.96875
Loading checkpoint shards:   0%|          | 0/5 [00:00<?, ?it/s]Loading checkpoint shards:  20%|██        | 1/5 [00:05<00:21,  5.37s/it]Loading checkpoint shards:  40%|████      | 2/5 [00:09<00:13,  4.56s/it]Loading checkpoint shards:  60%|██████    | 3/5 [00:13<00:08,  4.21s/it]Loading checkpoint shards:  80%|████████  | 4/5 [00:16<00:04,  4.06s/it]Loading checkpoint shards: 100%|██████████| 5/5 [00:18<00:00,  3.12s/it]Loading checkpoint shards: 100%|██████████| 5/5 [00:18<00:00,  3.69s/it]
The following generation flags are not valid and may be ignored: ['temperature', 'top_p', 'top_k']. Set `TRANSFORMERS_VERBOSITY=info` for more details.
source traces 8/48
The following generation flags are not valid and may be ignored: ['temperature', 'top_p', 'top_k']. Set `TRANSFORMERS_VERBOSITY=info` for more details.
source traces 16/48
The following generation flags are not valid and may be ignored: ['temperature', 'top_p', 'top_k']. Set `TRANSFORMERS_VERBOSITY=info` for more details.
source traces 24/48
The following generation flags are not valid and may be ignored: ['temperature', 'top_p', 'top_k']. Set `TRANSFORMERS_VERBOSITY=info` for more details.
source traces 32/48
The following generation flags are not valid and may be ignored: ['temperature', 'top_p', 'top_k']. Set `TRANSFORMERS_VERBOSITY=info` for more details.
source traces 40/48
The following generation flags are not valid and may be ignored: ['temperature', 'top_p', 'top_k']. Set `TRANSFORMERS_VERBOSITY=info` for more details.
source traces 48/48
SOURCE_GATE parse_rate 1.0 parsed_objective 0.9583333333333334 exact_prefix_rate 1.0
SOURCE_GATE_SELECTED objective 0.9375 predigit_agreement 1.0
Loading checkpoint shards:   0%|          | 0/3 [00:00<?, ?it/s]Loading checkpoint shards:  33%|███▎      | 1/3 [00:02<00:04,  2.39s/it]Loading checkpoint shards:  67%|██████▋   | 2/3 [00:04<00:02,  2.44s/it]Loading checkpoint shards: 100%|██████████| 3/3 [00:04<00:00,  1.64s/it]
RECEIVER_GATE minimal_oracle_fidelity 0.9375
epoch 1/1 train=2.5808 val=2.7866 scale=0.02197
