Loading checkpoint shards:   0%|          | 0/3 [00:00<?, ?it/s]Loading checkpoint shards:  33%|###3      | 1/3 [00:05<00:10,  5.13s/it]Loading checkpoint shards:  67%|######6   | 2/3 [00:11<00:06,  6.05s/it]Loading checkpoint shards: 100%|##########| 3/3 [00:12<00:00,  3.39s/it]Loading checkpoint shards: 100%|##########| 3/3 [00:12<00:00,  4.02s/it]
The following generation flags are not valid and may be ignored: ['temperature', 'top_p', 'top_k']. Set `TRANSFORMERS_VERBOSITY=info` for more details.
PCS3_SOURCE 8 / 1600
The following generation flags are not valid and may be ignored: ['temperature', 'top_p', 'top_k']. Set `TRANSFORMERS_VERBOSITY=info` for more details.
PCS3_SOURCE 16 / 1600
The following generation flags are not valid and may be ignored: ['temperature', 'top_p', 'top_k']. Set `TRANSFORMERS_VERBOSITY=info` for more details.
PCS3_SOURCE 24 / 1600
The following generation flags are not valid and may be ignored: ['temperature', 'top_p', 'top_k']. Set `TRANSFORMERS_VERBOSITY=info` for more details.
PCS3_SOURCE 32 / 1600
The following generation flags are not valid and may be ignored: ['temperature', 'top_p', 'top_k']. Set `TRANSFORMERS_VERBOSITY=info` for more details.
PCS3_SOURCE 40 / 1600
The following generation flags are not valid and may be ignored: ['temperature', 'top_p', 'top_k']. Set `TRANSFORMERS_VERBOSITY=info` for more details.
PCS3_SOURCE 48 / 1600
The following generation flags are not valid and may be ignored: ['temperature', 'top_p', 'top_k']. Set `TRANSFORMERS_VERBOSITY=info` for more details.
PCS3_SOURCE 56 / 1600
The following generation flags are not valid and may be ignored: ['temperature', 'top_p', 'top_k']. Set `TRANSFORMERS_VERBOSITY=info` for more details.
PCS3_SOURCE 64 / 1600
The following generation flags are not valid and may be ignored: ['temperature', 'top_p', 'top_k']. Set `TRANSFORMERS_VERBOSITY=info` for more details.
PCS3_SOURCE 72 / 1600
The following generation flags are not valid and may be ignored: ['temperature', 'top_p', 'top_k']. Set `TRANSFORMERS_VERBOSITY=info` for more details.
PCS3_SOURCE 80 / 1600
The following generation flags are not valid and may be ignored: ['temperature', 'top_p', 'top_k']. Set `TRANSFORMERS_VERBOSITY=info` for more details.
PCS3_SOURCE 88 / 1600
The following generation flags are not valid and may be ignored: ['temperature', 'top_p', 'top_k']. Set `TRANSFORMERS_VERBOSITY=info` for more details.
PCS3_SOURCE 96 / 1600
The following generation flags are not valid and may be ignored: ['temperature', 'top_p', 'top_k']. Set `TRANSFORMERS_VERBOSITY=info` for more details.
PCS3_SOURCE 104 / 1600
The following generation flags are not valid and may be ignored: ['temperature', 'top_p', 'top_k']. Set `TRANSFORMERS_VERBOSITY=info` for more details.
PCS3_SOURCE 112 / 1600
The following generation flags are not valid and may be ignored: ['temperature', 'top_p', 'top_k']. Set `TRANSFORMERS_VERBOSITY=info` for more details.
PCS3_SOURCE 120 / 1600
The following generation flags are not valid and may be ignored: ['temperature', 'top_p', 'top_k']. Set `TRANSFORMERS_VERBOSITY=info` for more details.
PCS3_SOURCE 128 / 1600
The following generation flags are not valid and may be ignored: ['temperature', 'top_p', 'top_k']. Set `TRANSFORMERS_VERBOSITY=info` for more details.
PCS3_SOURCE 136 / 1600
The following generation flags are not valid and may be ignored: ['temperature', 'top_p', 'top_k']. Set `TRANSFORMERS_VERBOSITY=info` for more details.
PCS3_SOURCE 144 / 1600
The following generation flags are not valid and may be ignored: ['temperature', 'top_p', 'top_k']. Set `TRANSFORMERS_VERBOSITY=info` for more details.
PCS3_SOURCE 152 / 1600
The following generation flags are not valid and may be ignored: ['temperature', 'top_p', 'top_k']. Set `TRANSFORMERS_VERBOSITY=info` for more details.
PCS3_SOURCE 160 / 1600
The following generation flags are not valid and may be ignored: ['temperature', 'top_p', 'top_k']. Set `TRANSFORMERS_VERBOSITY=info` for more details.
PCS3_SOURCE 168 / 1600
The following generation flags are not valid and may be ignored: ['temperature', 'top_p', 'top_k']. Set `TRANSFORMERS_VERBOSITY=info` for more details.
PCS3_SOURCE 176 / 1600
The following generation flags are not valid and may be ignored: ['temperature', 'top_p', 'top_k']. Set `TRANSFORMERS_VERBOSITY=info` for more details.
PCS3_SOURCE 184 / 1600
The following generation flags are not valid and may be ignored: ['temperature', 'top_p', 'top_k']. Set `TRANSFORMERS_VERBOSITY=info` for more details.
PCS3_SOURCE 192 / 1600
The following generation flags are not valid and may be ignored: ['temperature', 'top_p', 'top_k']. Set `TRANSFORMERS_VERBOSITY=info` for more details.
PCS3_SOURCE 200 / 1600
The following generation flags are not valid and may be ignored: ['temperature', 'top_p', 'top_k']. Set `TRANSFORMERS_VERBOSITY=info` for more details.
PCS3_SOURCE 208 / 1600
The following generation flags are not valid and may be ignored: ['temperature', 'top_p', 'top_k']. Set `TRANSFORMERS_VERBOSITY=info` for more details.
PCS3_SOURCE 216 / 1600
The following generation flags are not valid and may be ignored: ['temperature', 'top_p', 'top_k']. Set `TRANSFORMERS_VERBOSITY=info` for more details.
PCS3_SOURCE 224 / 1600
The following generation flags are not valid and may be ignored: ['temperature', 'top_p', 'top_k']. Set `TRANSFORMERS_VERBOSITY=info` for more details.
PCS3_SOURCE 232 / 1600
The following generation flags are not valid and may be ignored: ['temperature', 'top_p', 'top_k']. Set `TRANSFORMERS_VERBOSITY=info` for more details.
PCS3_SOURCE 240 / 1600
The following generation flags are not valid and may be ignored: ['temperature', 'top_p', 'top_k']. Set `TRANSFORMERS_VERBOSITY=info` for more details.
PCS3_SOURCE 248 / 1600
The following generation flags are not valid and may be ignored: ['temperature', 'top_p', 'top_k']. Set `TRANSFORMERS_VERBOSITY=info` for more details.
PCS3_SOURCE 256 / 1600
The following generation flags are not valid and may be ignored: ['temperature', 'top_p', 'top_k']. Set `TRANSFORMERS_VERBOSITY=info` for more details.
PCS3_SOURCE 264 / 1600
The following generation flags are not valid and may be ignored: ['temperature', 'top_p', 'top_k']. Set `TRANSFORMERS_VERBOSITY=info` for more details.
PCS3_SOURCE 272 / 1600
The following generation flags are not valid and may be ignored: ['temperature', 'top_p', 'top_k']. Set `TRANSFORMERS_VERBOSITY=info` for more details.
PCS3_SOURCE 280 / 1600
The following generation flags are not valid and may be ignored: ['temperature', 'top_p', 'top_k']. Set `TRANSFORMERS_VERBOSITY=info` for more details.
PCS3_SOURCE 288 / 1600
The following generation flags are not valid and may be ignored: ['temperature', 'top_p', 'top_k']. Set `TRANSFORMERS_VERBOSITY=info` for more details.
PCS3_SOURCE 296 / 1600
The following generation flags are not valid and may be ignored: ['temperature', 'top_p', 'top_k']. Set `TRANSFORMERS_VERBOSITY=info` for more details.
PCS3_SOURCE 304 / 1600
The following generation flags are not valid and may be ignored: ['temperature', 'top_p', 'top_k']. Set `TRANSFORMERS_VERBOSITY=info` for more details.
PCS3_SOURCE 312 / 1600
The following generation flags are not valid and may be ignored: ['temperature', 'top_p', 'top_k']. Set `TRANSFORMERS_VERBOSITY=info` for more details.
PCS3_SOURCE 320 / 1600
The following generation flags are not valid and may be ignored: ['temperature', 'top_p', 'top_k']. Set `TRANSFORMERS_VERBOSITY=info` for more details.
PCS3_SOURCE 328 / 1600
The following generation flags are not valid and may be ignored: ['temperature', 'top_p', 'top_k']. Set `TRANSFORMERS_VERBOSITY=info` for more details.
PCS3_SOURCE 336 / 1600
The following generation flags are not valid and may be ignored: ['temperature', 'top_p', 'top_k']. Set `TRANSFORMERS_VERBOSITY=info` for more details.
PCS3_SOURCE 344 / 1600
The following generation flags are not valid and may be ignored: ['temperature', 'top_p', 'top_k']. Set `TRANSFORMERS_VERBOSITY=info` for more details.
PCS3_SOURCE 352 / 1600
The following generation flags are not valid and may be ignored: ['temperature', 'top_p', 'top_k']. Set `TRANSFORMERS_VERBOSITY=info` for more details.
PCS3_SOURCE 360 / 1600
The following generation flags are not valid and may be ignored: ['temperature', 'top_p', 'top_k']. Set `TRANSFORMERS_VERBOSITY=info` for more details.
PCS3_SOURCE 368 / 1600
The following generation flags are not valid and may be ignored: ['temperature', 'top_p', 'top_k']. Set `TRANSFORMERS_VERBOSITY=info` for more details.
PCS3_SOURCE 376 / 1600
The following generation flags are not valid and may be ignored: ['temperature', 'top_p', 'top_k']. Set `TRANSFORMERS_VERBOSITY=info` for more details.
PCS3_SOURCE 384 / 1600
The following generation flags are not valid and may be ignored: ['temperature', 'top_p', 'top_k']. Set `TRANSFORMERS_VERBOSITY=info` for more details.
PCS3_SOURCE 392 / 1600
The following generation flags are not valid and may be ignored: ['temperature', 'top_p', 'top_k']. Set `TRANSFORMERS_VERBOSITY=info` for more details.
PCS3_SOURCE 400 / 1600
The following generation flags are not valid and may be ignored: ['temperature', 'top_p', 'top_k']. Set `TRANSFORMERS_VERBOSITY=info` for more details.
PCS3_SOURCE 408 / 1600
The following generation flags are not valid and may be ignored: ['temperature', 'top_p', 'top_k']. Set `TRANSFORMERS_VERBOSITY=info` for more details.
PCS3_SOURCE 416 / 1600
The following generation flags are not valid and may be ignored: ['temperature', 'top_p', 'top_k']. Set `TRANSFORMERS_VERBOSITY=info` for more details.
PCS3_SOURCE 424 / 1600
The following generation flags are not valid and may be ignored: ['temperature', 'top_p', 'top_k']. Set `TRANSFORMERS_VERBOSITY=info` for more details.
PCS3_SOURCE 432 / 1600
The following generation flags are not valid and may be ignored: ['temperature', 'top_p', 'top_k']. Set `TRANSFORMERS_VERBOSITY=info` for more details.
PCS3_SOURCE 440 / 1600
The following generation flags are not valid and may be ignored: ['temperature', 'top_p', 'top_k']. Set `TRANSFORMERS_VERBOSITY=info` for more details.
PCS3_SOURCE 448 / 1600
The following generation flags are not valid and may be ignored: ['temperature', 'top_p', 'top_k']. Set `TRANSFORMERS_VERBOSITY=info` for more details.
PCS3_SOURCE 456 / 1600
The following generation flags are not valid and may be ignored: ['temperature', 'top_p', 'top_k']. Set `TRANSFORMERS_VERBOSITY=info` for more details.
PCS3_SOURCE 464 / 1600
The following generation flags are not valid and may be ignored: ['temperature', 'top_p', 'top_k']. Set `TRANSFORMERS_VERBOSITY=info` for more details.
PCS3_SOURCE 472 / 1600
The following generation flags are not valid and may be ignored: ['temperature', 'top_p', 'top_k']. Set `TRANSFORMERS_VERBOSITY=info` for more details.
PCS3_SOURCE 480 / 1600
The following generation flags are not valid and may be ignored: ['temperature', 'top_p', 'top_k']. Set `TRANSFORMERS_VERBOSITY=info` for more details.
PCS3_SOURCE 488 / 1600
The following generation flags are not valid and may be ignored: ['temperature', 'top_p', 'top_k']. Set `TRANSFORMERS_VERBOSITY=info` for more details.
PCS3_SOURCE 496 / 1600
The following generation flags are not valid and may be ignored: ['temperature', 'top_p', 'top_k']. Set `TRANSFORMERS_VERBOSITY=info` for more details.
PCS3_SOURCE 504 / 1600
The following generation flags are not valid and may be ignored: ['temperature', 'top_p', 'top_k']. Set `TRANSFORMERS_VERBOSITY=info` for more details.
PCS3_SOURCE 512 / 1600
The following generation flags are not valid and may be ignored: ['temperature', 'top_p', 'top_k']. Set `TRANSFORMERS_VERBOSITY=info` for more details.
PCS3_SOURCE 520 / 1600
The following generation flags are not valid and may be ignored: ['temperature', 'top_p', 'top_k']. Set `TRANSFORMERS_VERBOSITY=info` for more details.
PCS3_SOURCE 528 / 1600
The following generation flags are not valid and may be ignored: ['temperature', 'top_p', 'top_k']. Set `TRANSFORMERS_VERBOSITY=info` for more details.
PCS3_SOURCE 536 / 1600
The following generation flags are not valid and may be ignored: ['temperature', 'top_p', 'top_k']. Set `TRANSFORMERS_VERBOSITY=info` for more details.
PCS3_SOURCE 544 / 1600
The following generation flags are not valid and may be ignored: ['temperature', 'top_p', 'top_k']. Set `TRANSFORMERS_VERBOSITY=info` for more details.
PCS3_SOURCE 552 / 1600
The following generation flags are not valid and may be ignored: ['temperature', 'top_p', 'top_k']. Set `TRANSFORMERS_VERBOSITY=info` for more details.
PCS3_SOURCE 560 / 1600
The following generation flags are not valid and may be ignored: ['temperature', 'top_p', 'top_k']. Set `TRANSFORMERS_VERBOSITY=info` for more details.
PCS3_SOURCE 568 / 1600
The following generation flags are not valid and may be ignored: ['temperature', 'top_p', 'top_k']. Set `TRANSFORMERS_VERBOSITY=info` for more details.
PCS3_SOURCE 576 / 1600
The following generation flags are not valid and may be ignored: ['temperature', 'top_p', 'top_k']. Set `TRANSFORMERS_VERBOSITY=info` for more details.
PCS3_SOURCE 584 / 1600
The following generation flags are not valid and may be ignored: ['temperature', 'top_p', 'top_k']. Set `TRANSFORMERS_VERBOSITY=info` for more details.
PCS3_SOURCE 592 / 1600
The following generation flags are not valid and may be ignored: ['temperature', 'top_p', 'top_k']. Set `TRANSFORMERS_VERBOSITY=info` for more details.
PCS3_SOURCE 600 / 1600
The following generation flags are not valid and may be ignored: ['temperature', 'top_p', 'top_k']. Set `TRANSFORMERS_VERBOSITY=info` for more details.
PCS3_SOURCE 608 / 1600
The following generation flags are not valid and may be ignored: ['temperature', 'top_p', 'top_k']. Set `TRANSFORMERS_VERBOSITY=info` for more details.
PCS3_SOURCE 616 / 1600
The following generation flags are not valid and may be ignored: ['temperature', 'top_p', 'top_k']. Set `TRANSFORMERS_VERBOSITY=info` for more details.
PCS3_SOURCE 624 / 1600
The following generation flags are not valid and may be ignored: ['temperature', 'top_p', 'top_k']. Set `TRANSFORMERS_VERBOSITY=info` for more details.
PCS3_SOURCE 632 / 1600
The following generation flags are not valid and may be ignored: ['temperature', 'top_p', 'top_k']. Set `TRANSFORMERS_VERBOSITY=info` for more details.
PCS3_SOURCE 640 / 1600
The following generation flags are not valid and may be ignored: ['temperature', 'top_p', 'top_k']. Set `TRANSFORMERS_VERBOSITY=info` for more details.
PCS3_SOURCE 648 / 1600
The following generation flags are not valid and may be ignored: ['temperature', 'top_p', 'top_k']. Set `TRANSFORMERS_VERBOSITY=info` for more details.
PCS3_SOURCE 656 / 1600
The following generation flags are not valid and may be ignored: ['temperature', 'top_p', 'top_k']. Set `TRANSFORMERS_VERBOSITY=info` for more details.
PCS3_SOURCE 664 / 1600
The following generation flags are not valid and may be ignored: ['temperature', 'top_p', 'top_k']. Set `TRANSFORMERS_VERBOSITY=info` for more details.
PCS3_SOURCE 672 / 1600
The following generation flags are not valid and may be ignored: ['temperature', 'top_p', 'top_k']. Set `TRANSFORMERS_VERBOSITY=info` for more details.
PCS3_SOURCE 680 / 1600
The following generation flags are not valid and may be ignored: ['temperature', 'top_p', 'top_k']. Set `TRANSFORMERS_VERBOSITY=info` for more details.
PCS3_SOURCE 688 / 1600
The following generation flags are not valid and may be ignored: ['temperature', 'top_p', 'top_k']. Set `TRANSFORMERS_VERBOSITY=info` for more details.
PCS3_SOURCE 696 / 1600
The following generation flags are not valid and may be ignored: ['temperature', 'top_p', 'top_k']. Set `TRANSFORMERS_VERBOSITY=info` for more details.
PCS3_SOURCE 704 / 1600
The following generation flags are not valid and may be ignored: ['temperature', 'top_p', 'top_k']. Set `TRANSFORMERS_VERBOSITY=info` for more details.
PCS3_SOURCE 712 / 1600
The following generation flags are not valid and may be ignored: ['temperature', 'top_p', 'top_k']. Set `TRANSFORMERS_VERBOSITY=info` for more details.
PCS3_SOURCE 720 / 1600
The following generation flags are not valid and may be ignored: ['temperature', 'top_p', 'top_k']. Set `TRANSFORMERS_VERBOSITY=info` for more details.
PCS3_SOURCE 728 / 1600
The following generation flags are not valid and may be ignored: ['temperature', 'top_p', 'top_k']. Set `TRANSFORMERS_VERBOSITY=info` for more details.
PCS3_SOURCE 736 / 1600
The following generation flags are not valid and may be ignored: ['temperature', 'top_p', 'top_k']. Set `TRANSFORMERS_VERBOSITY=info` for more details.
PCS3_SOURCE 744 / 1600
The following generation flags are not valid and may be ignored: ['temperature', 'top_p', 'top_k']. Set `TRANSFORMERS_VERBOSITY=info` for more details.
PCS3_SOURCE 752 / 1600
The following generation flags are not valid and may be ignored: ['temperature', 'top_p', 'top_k']. Set `TRANSFORMERS_VERBOSITY=info` for more details.
PCS3_SOURCE 760 / 1600
The following generation flags are not valid and may be ignored: ['temperature', 'top_p', 'top_k']. Set `TRANSFORMERS_VERBOSITY=info` for more details.
PCS3_SOURCE 768 / 1600
The following generation flags are not valid and may be ignored: ['temperature', 'top_p', 'top_k']. Set `TRANSFORMERS_VERBOSITY=info` for more details.
PCS3_SOURCE 776 / 1600
The following generation flags are not valid and may be ignored: ['temperature', 'top_p', 'top_k']. Set `TRANSFORMERS_VERBOSITY=info` for more details.
PCS3_SOURCE 784 / 1600
The following generation flags are not valid and may be ignored: ['temperature', 'top_p', 'top_k']. Set `TRANSFORMERS_VERBOSITY=info` for more details.
PCS3_SOURCE 792 / 1600
The following generation flags are not valid and may be ignored: ['temperature', 'top_p', 'top_k']. Set `TRANSFORMERS_VERBOSITY=info` for more details.
PCS3_SOURCE 800 / 1600
The following generation flags are not valid and may be ignored: ['temperature', 'top_p', 'top_k']. Set `TRANSFORMERS_VERBOSITY=info` for more details.
PCS3_SOURCE 808 / 1600
The following generation flags are not valid and may be ignored: ['temperature', 'top_p', 'top_k']. Set `TRANSFORMERS_VERBOSITY=info` for more details.
PCS3_SOURCE 816 / 1600
The following generation flags are not valid and may be ignored: ['temperature', 'top_p', 'top_k']. Set `TRANSFORMERS_VERBOSITY=info` for more details.
PCS3_SOURCE 824 / 1600
The following generation flags are not valid and may be ignored: ['temperature', 'top_p', 'top_k']. Set `TRANSFORMERS_VERBOSITY=info` for more details.
PCS3_SOURCE 832 / 1600
The following generation flags are not valid and may be ignored: ['temperature', 'top_p', 'top_k']. Set `TRANSFORMERS_VERBOSITY=info` for more details.
PCS3_SOURCE 840 / 1600
The following generation flags are not valid and may be ignored: ['temperature', 'top_p', 'top_k']. Set `TRANSFORMERS_VERBOSITY=info` for more details.
PCS3_SOURCE 848 / 1600
The following generation flags are not valid and may be ignored: ['temperature', 'top_p', 'top_k']. Set `TRANSFORMERS_VERBOSITY=info` for more details.
PCS3_SOURCE 856 / 1600
The following generation flags are not valid and may be ignored: ['temperature', 'top_p', 'top_k']. Set `TRANSFORMERS_VERBOSITY=info` for more details.
PCS3_SOURCE 864 / 1600
The following generation flags are not valid and may be ignored: ['temperature', 'top_p', 'top_k']. Set `TRANSFORMERS_VERBOSITY=info` for more details.
PCS3_SOURCE 872 / 1600
The following generation flags are not valid and may be ignored: ['temperature', 'top_p', 'top_k']. Set `TRANSFORMERS_VERBOSITY=info` for more details.
PCS3_SOURCE 880 / 1600
The following generation flags are not valid and may be ignored: ['temperature', 'top_p', 'top_k']. Set `TRANSFORMERS_VERBOSITY=info` for more details.
PCS3_SOURCE 888 / 1600
The following generation flags are not valid and may be ignored: ['temperature', 'top_p', 'top_k']. Set `TRANSFORMERS_VERBOSITY=info` for more details.
PCS3_SOURCE 896 / 1600
The following generation flags are not valid and may be ignored: ['temperature', 'top_p', 'top_k']. Set `TRANSFORMERS_VERBOSITY=info` for more details.
PCS3_SOURCE 904 / 1600
The following generation flags are not valid and may be ignored: ['temperature', 'top_p', 'top_k']. Set `TRANSFORMERS_VERBOSITY=info` for more details.
PCS3_SOURCE 912 / 1600
The following generation flags are not valid and may be ignored: ['temperature', 'top_p', 'top_k']. Set `TRANSFORMERS_VERBOSITY=info` for more details.
PCS3_SOURCE 920 / 1600
The following generation flags are not valid and may be ignored: ['temperature', 'top_p', 'top_k']. Set `TRANSFORMERS_VERBOSITY=info` for more details.
PCS3_SOURCE 928 / 1600
The following generation flags are not valid and may be ignored: ['temperature', 'top_p', 'top_k']. Set `TRANSFORMERS_VERBOSITY=info` for more details.
PCS3_SOURCE 936 / 1600
The following generation flags are not valid and may be ignored: ['temperature', 'top_p', 'top_k']. Set `TRANSFORMERS_VERBOSITY=info` for more details.
PCS3_SOURCE 944 / 1600
The following generation flags are not valid and may be ignored: ['temperature', 'top_p', 'top_k']. Set `TRANSFORMERS_VERBOSITY=info` for more details.
PCS3_SOURCE 952 / 1600
The following generation flags are not valid and may be ignored: ['temperature', 'top_p', 'top_k']. Set `TRANSFORMERS_VERBOSITY=info` for more details.
PCS3_SOURCE 960 / 1600
The following generation flags are not valid and may be ignored: ['temperature', 'top_p', 'top_k']. Set `TRANSFORMERS_VERBOSITY=info` for more details.
PCS3_SOURCE 968 / 1600
The following generation flags are not valid and may be ignored: ['temperature', 'top_p', 'top_k']. Set `TRANSFORMERS_VERBOSITY=info` for more details.
PCS3_SOURCE 976 / 1600
The following generation flags are not valid and may be ignored: ['temperature', 'top_p', 'top_k']. Set `TRANSFORMERS_VERBOSITY=info` for more details.
PCS3_SOURCE 984 / 1600
The following generation flags are not valid and may be ignored: ['temperature', 'top_p', 'top_k']. Set `TRANSFORMERS_VERBOSITY=info` for more details.
PCS3_SOURCE 992 / 1600
The following generation flags are not valid and may be ignored: ['temperature', 'top_p', 'top_k']. Set `TRANSFORMERS_VERBOSITY=info` for more details.
PCS3_SOURCE 1000 / 1600
The following generation flags are not valid and may be ignored: ['temperature', 'top_p', 'top_k']. Set `TRANSFORMERS_VERBOSITY=info` for more details.
PCS3_SOURCE 1008 / 1600
The following generation flags are not valid and may be ignored: ['temperature', 'top_p', 'top_k']. Set `TRANSFORMERS_VERBOSITY=info` for more details.
PCS3_SOURCE 1016 / 1600
The following generation flags are not valid and may be ignored: ['temperature', 'top_p', 'top_k']. Set `TRANSFORMERS_VERBOSITY=info` for more details.
PCS3_SOURCE 1024 / 1600
The following generation flags are not valid and may be ignored: ['temperature', 'top_p', 'top_k']. Set `TRANSFORMERS_VERBOSITY=info` for more details.
PCS3_SOURCE 1032 / 1600
The following generation flags are not valid and may be ignored: ['temperature', 'top_p', 'top_k']. Set `TRANSFORMERS_VERBOSITY=info` for more details.
PCS3_SOURCE 1040 / 1600
The following generation flags are not valid and may be ignored: ['temperature', 'top_p', 'top_k']. Set `TRANSFORMERS_VERBOSITY=info` for more details.
PCS3_SOURCE 1048 / 1600
The following generation flags are not valid and may be ignored: ['temperature', 'top_p', 'top_k']. Set `TRANSFORMERS_VERBOSITY=info` for more details.
PCS3_SOURCE 1056 / 1600
The following generation flags are not valid and may be ignored: ['temperature', 'top_p', 'top_k']. Set `TRANSFORMERS_VERBOSITY=info` for more details.
PCS3_SOURCE 1064 / 1600
The following generation flags are not valid and may be ignored: ['temperature', 'top_p', 'top_k']. Set `TRANSFORMERS_VERBOSITY=info` for more details.
PCS3_SOURCE 1072 / 1600
The following generation flags are not valid and may be ignored: ['temperature', 'top_p', 'top_k']. Set `TRANSFORMERS_VERBOSITY=info` for more details.
PCS3_SOURCE 1080 / 1600
The following generation flags are not valid and may be ignored: ['temperature', 'top_p', 'top_k']. Set `TRANSFORMERS_VERBOSITY=info` for more details.
PCS3_SOURCE 1088 / 1600
The following generation flags are not valid and may be ignored: ['temperature', 'top_p', 'top_k']. Set `TRANSFORMERS_VERBOSITY=info` for more details.
PCS3_SOURCE 1096 / 1600
The following generation flags are not valid and may be ignored: ['temperature', 'top_p', 'top_k']. Set `TRANSFORMERS_VERBOSITY=info` for more details.
PCS3_SOURCE 1104 / 1600
The following generation flags are not valid and may be ignored: ['temperature', 'top_p', 'top_k']. Set `TRANSFORMERS_VERBOSITY=info` for more details.
PCS3_SOURCE 1112 / 1600
The following generation flags are not valid and may be ignored: ['temperature', 'top_p', 'top_k']. Set `TRANSFORMERS_VERBOSITY=info` for more details.
PCS3_SOURCE 1120 / 1600
The following generation flags are not valid and may be ignored: ['temperature', 'top_p', 'top_k']. Set `TRANSFORMERS_VERBOSITY=info` for more details.
PCS3_SOURCE 1128 / 1600
The following generation flags are not valid and may be ignored: ['temperature', 'top_p', 'top_k']. Set `TRANSFORMERS_VERBOSITY=info` for more details.
PCS3_SOURCE 1136 / 1600
The following generation flags are not valid and may be ignored: ['temperature', 'top_p', 'top_k']. Set `TRANSFORMERS_VERBOSITY=info` for more details.
PCS3_SOURCE 1144 / 1600
The following generation flags are not valid and may be ignored: ['temperature', 'top_p', 'top_k']. Set `TRANSFORMERS_VERBOSITY=info` for more details.
PCS3_SOURCE 1152 / 1600
The following generation flags are not valid and may be ignored: ['temperature', 'top_p', 'top_k']. Set `TRANSFORMERS_VERBOSITY=info` for more details.
PCS3_SOURCE 1160 / 1600
The following generation flags are not valid and may be ignored: ['temperature', 'top_p', 'top_k']. Set `TRANSFORMERS_VERBOSITY=info` for more details.
PCS3_SOURCE 1168 / 1600
The following generation flags are not valid and may be ignored: ['temperature', 'top_p', 'top_k']. Set `TRANSFORMERS_VERBOSITY=info` for more details.
PCS3_SOURCE 1176 / 1600
The following generation flags are not valid and may be ignored: ['temperature', 'top_p', 'top_k']. Set `TRANSFORMERS_VERBOSITY=info` for more details.
PCS3_SOURCE 1184 / 1600
The following generation flags are not valid and may be ignored: ['temperature', 'top_p', 'top_k']. Set `TRANSFORMERS_VERBOSITY=info` for more details.
PCS3_SOURCE 1192 / 1600
The following generation flags are not valid and may be ignored: ['temperature', 'top_p', 'top_k']. Set `TRANSFORMERS_VERBOSITY=info` for more details.
PCS3_SOURCE 1200 / 1600
The following generation flags are not valid and may be ignored: ['temperature', 'top_p', 'top_k']. Set `TRANSFORMERS_VERBOSITY=info` for more details.
PCS3_SOURCE 1208 / 1600
The following generation flags are not valid and may be ignored: ['temperature', 'top_p', 'top_k']. Set `TRANSFORMERS_VERBOSITY=info` for more details.
PCS3_SOURCE 1216 / 1600
The following generation flags are not valid and may be ignored: ['temperature', 'top_p', 'top_k']. Set `TRANSFORMERS_VERBOSITY=info` for more details.
PCS3_SOURCE 1224 / 1600
The following generation flags are not valid and may be ignored: ['temperature', 'top_p', 'top_k']. Set `TRANSFORMERS_VERBOSITY=info` for more details.
PCS3_SOURCE 1232 / 1600
The following generation flags are not valid and may be ignored: ['temperature', 'top_p', 'top_k']. Set `TRANSFORMERS_VERBOSITY=info` for more details.
PCS3_SOURCE 1240 / 1600
The following generation flags are not valid and may be ignored: ['temperature', 'top_p', 'top_k']. Set `TRANSFORMERS_VERBOSITY=info` for more details.
PCS3_SOURCE 1248 / 1600
The following generation flags are not valid and may be ignored: ['temperature', 'top_p', 'top_k']. Set `TRANSFORMERS_VERBOSITY=info` for more details.
PCS3_SOURCE 1256 / 1600
The following generation flags are not valid and may be ignored: ['temperature', 'top_p', 'top_k']. Set `TRANSFORMERS_VERBOSITY=info` for more details.
PCS3_SOURCE 1264 / 1600
The following generation flags are not valid and may be ignored: ['temperature', 'top_p', 'top_k']. Set `TRANSFORMERS_VERBOSITY=info` for more details.
PCS3_SOURCE 1272 / 1600
The following generation flags are not valid and may be ignored: ['temperature', 'top_p', 'top_k']. Set `TRANSFORMERS_VERBOSITY=info` for more details.
PCS3_SOURCE 1280 / 1600
The following generation flags are not valid and may be ignored: ['temperature', 'top_p', 'top_k']. Set `TRANSFORMERS_VERBOSITY=info` for more details.
PCS3_SOURCE 1288 / 1600
The following generation flags are not valid and may be ignored: ['temperature', 'top_p', 'top_k']. Set `TRANSFORMERS_VERBOSITY=info` for more details.
PCS3_SOURCE 1296 / 1600
The following generation flags are not valid and may be ignored: ['temperature', 'top_p', 'top_k']. Set `TRANSFORMERS_VERBOSITY=info` for more details.
PCS3_SOURCE 1304 / 1600
The following generation flags are not valid and may be ignored: ['temperature', 'top_p', 'top_k']. Set `TRANSFORMERS_VERBOSITY=info` for more details.
PCS3_SOURCE 1312 / 1600
The following generation flags are not valid and may be ignored: ['temperature', 'top_p', 'top_k']. Set `TRANSFORMERS_VERBOSITY=info` for more details.
PCS3_SOURCE 1320 / 1600
The following generation flags are not valid and may be ignored: ['temperature', 'top_p', 'top_k']. Set `TRANSFORMERS_VERBOSITY=info` for more details.
PCS3_SOURCE 1328 / 1600
The following generation flags are not valid and may be ignored: ['temperature', 'top_p', 'top_k']. Set `TRANSFORMERS_VERBOSITY=info` for more details.
PCS3_SOURCE 1336 / 1600
The following generation flags are not valid and may be ignored: ['temperature', 'top_p', 'top_k']. Set `TRANSFORMERS_VERBOSITY=info` for more details.
PCS3_SOURCE 1344 / 1600
The following generation flags are not valid and may be ignored: ['temperature', 'top_p', 'top_k']. Set `TRANSFORMERS_VERBOSITY=info` for more details.
PCS3_SOURCE 1352 / 1600
The following generation flags are not valid and may be ignored: ['temperature', 'top_p', 'top_k']. Set `TRANSFORMERS_VERBOSITY=info` for more details.
PCS3_SOURCE 1360 / 1600
The following generation flags are not valid and may be ignored: ['temperature', 'top_p', 'top_k']. Set `TRANSFORMERS_VERBOSITY=info` for more details.
PCS3_SOURCE 1368 / 1600
The following generation flags are not valid and may be ignored: ['temperature', 'top_p', 'top_k']. Set `TRANSFORMERS_VERBOSITY=info` for more details.
PCS3_SOURCE 1376 / 1600
The following generation flags are not valid and may be ignored: ['temperature', 'top_p', 'top_k']. Set `TRANSFORMERS_VERBOSITY=info` for more details.
PCS3_SOURCE 1384 / 1600
The following generation flags are not valid and may be ignored: ['temperature', 'top_p', 'top_k']. Set `TRANSFORMERS_VERBOSITY=info` for more details.
PCS3_SOURCE 1392 / 1600
The following generation flags are not valid and may be ignored: ['temperature', 'top_p', 'top_k']. Set `TRANSFORMERS_VERBOSITY=info` for more details.
PCS3_SOURCE 1400 / 1600
The following generation flags are not valid and may be ignored: ['temperature', 'top_p', 'top_k']. Set `TRANSFORMERS_VERBOSITY=info` for more details.
PCS3_SOURCE 1408 / 1600
The following generation flags are not valid and may be ignored: ['temperature', 'top_p', 'top_k']. Set `TRANSFORMERS_VERBOSITY=info` for more details.
PCS3_SOURCE 1416 / 1600
The following generation flags are not valid and may be ignored: ['temperature', 'top_p', 'top_k']. Set `TRANSFORMERS_VERBOSITY=info` for more details.
PCS3_SOURCE 1424 / 1600
The following generation flags are not valid and may be ignored: ['temperature', 'top_p', 'top_k']. Set `TRANSFORMERS_VERBOSITY=info` for more details.
PCS3_SOURCE 1432 / 1600
The following generation flags are not valid and may be ignored: ['temperature', 'top_p', 'top_k']. Set `TRANSFORMERS_VERBOSITY=info` for more details.
PCS3_SOURCE 1440 / 1600
The following generation flags are not valid and may be ignored: ['temperature', 'top_p', 'top_k']. Set `TRANSFORMERS_VERBOSITY=info` for more details.
PCS3_SOURCE 1448 / 1600
The following generation flags are not valid and may be ignored: ['temperature', 'top_p', 'top_k']. Set `TRANSFORMERS_VERBOSITY=info` for more details.
PCS3_SOURCE 1456 / 1600
The following generation flags are not valid and may be ignored: ['temperature', 'top_p', 'top_k']. Set `TRANSFORMERS_VERBOSITY=info` for more details.
PCS3_SOURCE 1464 / 1600
The following generation flags are not valid and may be ignored: ['temperature', 'top_p', 'top_k']. Set `TRANSFORMERS_VERBOSITY=info` for more details.
PCS3_SOURCE 1472 / 1600
The following generation flags are not valid and may be ignored: ['temperature', 'top_p', 'top_k']. Set `TRANSFORMERS_VERBOSITY=info` for more details.
PCS3_SOURCE 1480 / 1600
The following generation flags are not valid and may be ignored: ['temperature', 'top_p', 'top_k']. Set `TRANSFORMERS_VERBOSITY=info` for more details.
PCS3_SOURCE 1488 / 1600
The following generation flags are not valid and may be ignored: ['temperature', 'top_p', 'top_k']. Set `TRANSFORMERS_VERBOSITY=info` for more details.
PCS3_SOURCE 1496 / 1600
The following generation flags are not valid and may be ignored: ['temperature', 'top_p', 'top_k']. Set `TRANSFORMERS_VERBOSITY=info` for more details.
PCS3_SOURCE 1504 / 1600
The following generation flags are not valid and may be ignored: ['temperature', 'top_p', 'top_k']. Set `TRANSFORMERS_VERBOSITY=info` for more details.
PCS3_SOURCE 1512 / 1600
The following generation flags are not valid and may be ignored: ['temperature', 'top_p', 'top_k']. Set `TRANSFORMERS_VERBOSITY=info` for more details.
PCS3_SOURCE 1520 / 1600
The following generation flags are not valid and may be ignored: ['temperature', 'top_p', 'top_k']. Set `TRANSFORMERS_VERBOSITY=info` for more details.
PCS3_SOURCE 1528 / 1600
The following generation flags are not valid and may be ignored: ['temperature', 'top_p', 'top_k']. Set `TRANSFORMERS_VERBOSITY=info` for more details.
PCS3_SOURCE 1536 / 1600
The following generation flags are not valid and may be ignored: ['temperature', 'top_p', 'top_k']. Set `TRANSFORMERS_VERBOSITY=info` for more details.
PCS3_SOURCE 1544 / 1600
The following generation flags are not valid and may be ignored: ['temperature', 'top_p', 'top_k']. Set `TRANSFORMERS_VERBOSITY=info` for more details.
PCS3_SOURCE 1552 / 1600
The following generation flags are not valid and may be ignored: ['temperature', 'top_p', 'top_k']. Set `TRANSFORMERS_VERBOSITY=info` for more details.
PCS3_SOURCE 1560 / 1600
The following generation flags are not valid and may be ignored: ['temperature', 'top_p', 'top_k']. Set `TRANSFORMERS_VERBOSITY=info` for more details.
PCS3_SOURCE 1568 / 1600
The following generation flags are not valid and may be ignored: ['temperature', 'top_p', 'top_k']. Set `TRANSFORMERS_VERBOSITY=info` for more details.
PCS3_SOURCE 1576 / 1600
The following generation flags are not valid and may be ignored: ['temperature', 'top_p', 'top_k']. Set `TRANSFORMERS_VERBOSITY=info` for more details.
PCS3_SOURCE 1584 / 1600
The following generation flags are not valid and may be ignored: ['temperature', 'top_p', 'top_k']. Set `TRANSFORMERS_VERBOSITY=info` for more details.
PCS3_SOURCE 1592 / 1600
The following generation flags are not valid and may be ignored: ['temperature', 'top_p', 'top_k']. Set `TRANSFORMERS_VERBOSITY=info` for more details.
PCS3_SOURCE 1600 / 1600
CAPTURE 8 / 1599
CAPTURE 168 / 1599
CAPTURE 328 / 1599
CAPTURE 488 / 1599
CAPTURE 648 / 1599
CAPTURE 808 / 1599
CAPTURE 968 / 1599
CAPTURE 1128 / 1599
CAPTURE 1288 / 1599
CAPTURE 1448 / 1599
Loading checkpoint shards:   0%|          | 0/2 [00:00<?, ?it/s]Loading checkpoint shards:  50%|#####     | 1/2 [00:05<00:05,  5.46s/it]Loading checkpoint shards: 100%|##########| 2/2 [00:06<00:00,  2.87s/it]Loading checkpoint shards: 100%|##########| 2/2 [00:06<00:00,  3.26s/it]
/root/pcs3c_repo/scripts/pcs3_multipos_bridge.py:37: UserWarning: To copy construct from a tensor, it is recommended to use sourceTensor.clone().detach() or sourceTensor.clone().detach().requires_grad_(True), rather than torch.tensor(sourceTensor).
  dg = torch.tensor(digs)  # [N,4]
Loading checkpoint shards:   0%|          | 0/2 [00:00<?, ?it/s]Loading checkpoint shards:  50%|#####     | 1/2 [00:03<00:03,  3.19s/it]Loading checkpoint shards: 100%|##########| 2/2 [00:03<00:00,  1.67s/it]Loading checkpoint shards: 100%|##########| 2/2 [00:03<00:00,  1.90s/it]
PCS3 epoch 1 train 2.3676309436559677 val 2.247142940759659
PCS3 epoch 2 train 2.2243990376591682 val 2.3172272443771362
PCS3 epoch 3 train 2.234071046113968 val 2.2053140103816986
PCS3 epoch 4 train 2.2148661836981773 val 2.2041236758232117
PCS3 epoch 5 train 2.2132787331938744 val 2.209231525659561
PCS3 epoch 6 train 2.2066291496157646 val 2.192522943019867
PCS3 epoch 7 train 2.2149548307061195 val 2.212776243686676
PCS3 epoch 8 train 2.216993059962988 val 2.189216375350952
PCS3 epoch 9 train 2.1790830455720425 val 2.111174374818802
PCS3 epoch 10 train 2.1993388235569 val 2.1750870645046234
PCS3 epoch 11 train 2.069062028080225 val 1.9757886081933975
PCS3 epoch 12 train 1.9693877920508385 val 1.9018885344266891
PCS3 epoch 13 train 1.9438539296388626 val 1.8839129656553268
PCS3 epoch 14 train 1.90586743876338 val 1.9197277277708054
PCS3 epoch 15 train 1.9243745803833008 val 1.906901478767395
PCS3 epoch 16 train 1.9346885941922665 val 1.896608054637909
PCS3 epoch 17 train 1.9059513844549656 val 1.847627654671669
PCS3 epoch 18 train 1.8961164504289627 val 1.8546943962574005
PCS3 epoch 19 train 1.8564955405890942 val 1.8009205758571625
PCS3 epoch 20 train 1.8029331043362617 val 1.8224438726902008
PCS3 epoch 21 train 1.7805428430438042 val 1.7839838564395905
PCS3 epoch 22 train 1.7490032874047756 val 1.7757695615291595
PCS3 epoch 23 train 1.6794233322143555 val 1.691400483250618
PCS3 epoch 24 train 1.6346640512347221 val 1.6576502621173859
PCS3 epoch 25 train 1.6014916822314262 val 1.6978071331977844
PCS3 epoch 26 train 1.5597398728132248 val 1.6609255820512772
PCS3 epoch 27 train 1.534978374838829 val 1.7248047441244125
PCS3 epoch 28 train 1.4939861595630646 val 1.6145045310258865
PCS3 epoch 29 train 1.40092040784657 val 1.4611954987049103
PCS3 epoch 30 train 1.3257120661437511 val 1.427328497171402
PCS3 epoch 31 train 1.2208478096872568 val 1.4087834507226944
PCS3 epoch 32 train 1.1634829975664616 val 1.254547357559204
PCS3 epoch 33 train 1.1582714412361383 val 1.2273804768919945
PCS3 epoch 34 train 1.04484036937356 val 1.2048328816890717
PCS3 epoch 35 train 1.0775366015732288 val 1.3093243390321732
PCS3 epoch 36 train 0.9623828772455454 val 1.104890450835228
PCS3 epoch 37 train 0.92726113460958 val 1.124023713171482
PCS3 epoch 38 train 0.8021337259560823 val 1.246585339307785
PCS3 epoch 39 train 0.8210539985448122 val 1.03570456802845
PCS3 epoch 40 train 0.8002569116652012 val 1.2529499679803848
PCS3C_TRAINED arm=neural best_val=1.03570456802845
Loading checkpoint shards:   0%|          | 0/2 [00:00<?, ?it/s]Loading checkpoint shards:  50%|#####     | 1/2 [00:03<00:03,  3.26s/it]Loading checkpoint shards: 100%|##########| 2/2 [00:03<00:00,  1.69s/it]Loading checkpoint shards: 100%|##########| 2/2 [00:03<00:00,  1.92s/it]
PCS3 epoch 1 train 2.21168989315629 val 1.9589034169912338
PCS3 epoch 2 train 1.6428572125732899 val 1.4111814945936203
PCS3 epoch 3 train 1.2534055262804031 val 1.2177678644657135
PCS3 epoch 4 train 1.1174751296639442 val 1.2844246178865433
PCS3 epoch 5 train 0.9684987030923367 val 0.9311381578445435
PCS3 epoch 6 train 0.7582238987088203 val 0.7471457868814468
PCS3 epoch 7 train 0.5149564007297158 val 0.6049225851893425
PCS3 epoch 8 train 0.3490769434720278 val 0.4262313637882471
PCS3 epoch 9 train 0.235332716954872 val 0.2424465473741293
PCS3 epoch 10 train 0.15972305205650628 val 0.23890288453549147
PCS3 epoch 11 train 0.14133412949740887 val 0.15470199845731258
PCS3 epoch 12 train 0.09298422510619275 val 0.18080650083720684
PCS3 epoch 13 train 0.07410240467288531 val 0.1829357985407114
PCS3 epoch 14 train 0.06823861549491994 val 0.07080953381955624
PCS3 epoch 15 train 0.04557531672617188 val 0.0825738268904388
PCS3 epoch 16 train 0.03690927774005104 val 0.06382326316088438
PCS3 epoch 17 train 0.03333104848206858 val 0.041997593245469034
PCS3 epoch 18 train 0.0405803980975179 val 0.04261291353031993
PCS3 epoch 19 train 0.0249702064847952 val 0.07962118822615594
PCS3 epoch 20 train 0.01674272790114628 val 0.036427234881557524
PCS3 epoch 21 train 0.012255745785296313 val 0.07119754793529864
PCS3 epoch 22 train 0.03151137800523429 val 0.05202663620002568
PCS3 epoch 23 train 0.03372234435664723 val 0.05259886884596199
PCS3 epoch 24 train 0.02373698378323752 val 0.0570716637885198
PCS3 epoch 25 train 0.015417439877637662 val 0.03217492514522746
PCS3 epoch 26 train 0.018565323400252964 val 0.04995000909548253
PCS3 epoch 27 train 0.02348251884632191 val 0.07908652815967798
PCS3 epoch 28 train 0.01974683374101005 val 0.032648991502355784
PCS3 epoch 29 train 0.0251606257934327 val 0.04426944022998214
PCS3 epoch 30 train 0.020667974598836736 val 0.032471114536747336
PCS3 epoch 31 train 0.01922063998563317 val 0.028275390417547897
PCS3 epoch 32 train 0.007759752894799021 val 0.031696322199422866
PCS3 epoch 33 train 0.004206031809644628 val 0.004184573350357823
PCS3 epoch 34 train 0.0057480042692077404 val 0.009821172701776959
PCS3 epoch 35 train 0.005305755846393367 val 0.041411488215089776
PCS3 epoch 36 train 0.012708421937077219 val 0.013754163192061242
PCS3 epoch 37 train 0.004343811109720264 val 0.01348105715442216
PCS3 epoch 38 train 0.008516035396951338 val 0.020160297099209856
PCS3 epoch 39 train 0.009493939282265274 val 0.024522269864974078
PCS3 epoch 40 train 0.0042599639600666706 val 0.02900768379913643
PCS3C_TRAINED arm=token_identity best_val=0.004184573350357823
Loading checkpoint shards:   0%|          | 0/2 [00:00<?, ?it/s]Loading checkpoint shards:  50%|#####     | 1/2 [00:02<00:02,  2.44s/it]Loading checkpoint shards: 100%|##########| 2/2 [00:03<00:00,  1.36s/it]Loading checkpoint shards: 100%|##########| 2/2 [00:03<00:00,  1.53s/it]
Loading checkpoint shards:   0%|          | 0/2 [00:00<?, ?it/s]Loading checkpoint shards:  50%|#####     | 1/2 [00:02<00:02,  2.53s/it]Loading checkpoint shards: 100%|##########| 2/2 [00:03<00:00,  1.38s/it]Loading checkpoint shards: 100%|##########| 2/2 [00:03<00:00,  1.56s/it]
Traceback (most recent call last):
  File "/root/pcs3c_repo/scripts/pcs3c_executor.py", line 1245, in _run_mode
    result = run_scientific(
             ^^^^^^^^^^^^^^^
  File "/root/pcs3c_repo/scripts/pcs3c_executor.py", line 937, in run_scientific
    summary = confirm.summarize_pcs3c(records, bootstrap_seed=BOOTSTRAP_SEED,
              ^^^^^^^^^^^^^^^^^^^^^^^^^^^^^^^^^^^^^^^^^^^^^^^^^^^^^^^^^^^^^^^
  File "/root/pcs3c_repo/scripts/pcs3c_confirm.py", line 506, in summarize_pcs3c
    wrong_tests[str(index + 1)] = exact_mcnemar(
                                  ^^^^^^^^^^^^^^
  File "/root/pcs3c_repo/scripts/pcs3c_confirm.py", line 375, in exact_mcnemar
    p_value = min(1.0, 2.0 * lower_tail / (2**discordant))
                       ~~~~~~~~~~~~~~~~~^~~~~~~~~~~~~~~~~
OverflowError: int too large to convert to float
{
  "elapsed_seconds": 7382.064174890518,
  "error": "OverflowError: int too large to convert to float",
  "launch_allowed": false,
  "model_loaded": true,
  "schema": "pcs3c_executor_status_v1",
  "scientific_data_opened": true,
  "status": "FAILED"
}
