RQ7 mode=full cells=6 n_per_cell=300 episodes=1800 seed=20261009
Loading checkpoint shards:   0%|          | 0/3 [00:00<?, ?it/s]Loading checkpoint shards:  33%|███▎      | 1/3 [00:05<00:10,  5.20s/it]Loading checkpoint shards:  67%|██████▋   | 2/3 [00:10<00:05,  5.31s/it]Loading checkpoint shards: 100%|██████████| 3/3 [00:10<00:00,  2.95s/it]Loading checkpoint shards: 100%|██████████| 3/3 [00:10<00:00,  3.58s/it]
Loading checkpoint shards:   0%|          | 0/2 [00:00<?, ?it/s]Loading checkpoint shards:  50%|█████     | 1/2 [00:05<00:05,  5.58s/it]Loading checkpoint shards: 100%|██████████| 2/2 [00:06<00:00,  2.93s/it]Loading checkpoint shards: 100%|██████████| 2/2 [00:06<00:00,  3.33s/it]
The following generation flags are not valid and may be ignored: ['temperature', 'top_p', 'top_k']. Set `TRANSFORMERS_VERBOSITY=info` for more details.
generated 24/1800 prompts (cap=256)
The following generation flags are not valid and may be ignored: ['temperature', 'top_p', 'top_k']. Set `TRANSFORMERS_VERBOSITY=info` for more details.
generated 48/1800 prompts (cap=256)
The following generation flags are not valid and may be ignored: ['temperature', 'top_p', 'top_k']. Set `TRANSFORMERS_VERBOSITY=info` for more details.
generated 72/1800 prompts (cap=256)
The following generation flags are not valid and may be ignored: ['temperature', 'top_p', 'top_k']. Set `TRANSFORMERS_VERBOSITY=info` for more details.
generated 96/1800 prompts (cap=256)
The following generation flags are not valid and may be ignored: ['temperature', 'top_p', 'top_k']. Set `TRANSFORMERS_VERBOSITY=info` for more details.
generated 120/1800 prompts (cap=256)
The following generation flags are not valid and may be ignored: ['temperature', 'top_p', 'top_k']. Set `TRANSFORMERS_VERBOSITY=info` for more details.
generated 144/1800 prompts (cap=256)
The following generation flags are not valid and may be ignored: ['temperature', 'top_p', 'top_k']. Set `TRANSFORMERS_VERBOSITY=info` for more details.
generated 168/1800 prompts (cap=256)
The following generation flags are not valid and may be ignored: ['temperature', 'top_p', 'top_k']. Set `TRANSFORMERS_VERBOSITY=info` for more details.
generated 192/1800 prompts (cap=256)
The following generation flags are not valid and may be ignored: ['temperature', 'top_p', 'top_k']. Set `TRANSFORMERS_VERBOSITY=info` for more details.
generated 216/1800 prompts (cap=256)
The following generation flags are not valid and may be ignored: ['temperature', 'top_p', 'top_k']. Set `TRANSFORMERS_VERBOSITY=info` for more details.
generated 240/1800 prompts (cap=256)
The following generation flags are not valid and may be ignored: ['temperature', 'top_p', 'top_k']. Set `TRANSFORMERS_VERBOSITY=info` for more details.
generated 264/1800 prompts (cap=256)
The following generation flags are not valid and may be ignored: ['temperature', 'top_p', 'top_k']. Set `TRANSFORMERS_VERBOSITY=info` for more details.
generated 288/1800 prompts (cap=256)
The following generation flags are not valid and may be ignored: ['temperature', 'top_p', 'top_k']. Set `TRANSFORMERS_VERBOSITY=info` for more details.
generated 312/1800 prompts (cap=256)
The following generation flags are not valid and may be ignored: ['temperature', 'top_p', 'top_k']. Set `TRANSFORMERS_VERBOSITY=info` for more details.
generated 336/1800 prompts (cap=256)
The following generation flags are not valid and may be ignored: ['temperature', 'top_p', 'top_k']. Set `TRANSFORMERS_VERBOSITY=info` for more details.
generated 360/1800 prompts (cap=256)
The following generation flags are not valid and may be ignored: ['temperature', 'top_p', 'top_k']. Set `TRANSFORMERS_VERBOSITY=info` for more details.
generated 384/1800 prompts (cap=256)
The following generation flags are not valid and may be ignored: ['temperature', 'top_p', 'top_k']. Set `TRANSFORMERS_VERBOSITY=info` for more details.
generated 408/1800 prompts (cap=256)
The following generation flags are not valid and may be ignored: ['temperature', 'top_p', 'top_k']. Set `TRANSFORMERS_VERBOSITY=info` for more details.
generated 432/1800 prompts (cap=256)
The following generation flags are not valid and may be ignored: ['temperature', 'top_p', 'top_k']. Set `TRANSFORMERS_VERBOSITY=info` for more details.
generated 456/1800 prompts (cap=256)
The following generation flags are not valid and may be ignored: ['temperature', 'top_p', 'top_k']. Set `TRANSFORMERS_VERBOSITY=info` for more details.
generated 480/1800 prompts (cap=256)
The following generation flags are not valid and may be ignored: ['temperature', 'top_p', 'top_k']. Set `TRANSFORMERS_VERBOSITY=info` for more details.
generated 504/1800 prompts (cap=256)
The following generation flags are not valid and may be ignored: ['temperature', 'top_p', 'top_k']. Set `TRANSFORMERS_VERBOSITY=info` for more details.
generated 528/1800 prompts (cap=256)
The following generation flags are not valid and may be ignored: ['temperature', 'top_p', 'top_k']. Set `TRANSFORMERS_VERBOSITY=info` for more details.
generated 552/1800 prompts (cap=256)
The following generation flags are not valid and may be ignored: ['temperature', 'top_p', 'top_k']. Set `TRANSFORMERS_VERBOSITY=info` for more details.
generated 576/1800 prompts (cap=256)
The following generation flags are not valid and may be ignored: ['temperature', 'top_p', 'top_k']. Set `TRANSFORMERS_VERBOSITY=info` for more details.
generated 600/1800 prompts (cap=256)
The following generation flags are not valid and may be ignored: ['temperature', 'top_p', 'top_k']. Set `TRANSFORMERS_VERBOSITY=info` for more details.
generated 624/1800 prompts (cap=256)
The following generation flags are not valid and may be ignored: ['temperature', 'top_p', 'top_k']. Set `TRANSFORMERS_VERBOSITY=info` for more details.
generated 648/1800 prompts (cap=256)
The following generation flags are not valid and may be ignored: ['temperature', 'top_p', 'top_k']. Set `TRANSFORMERS_VERBOSITY=info` for more details.
generated 672/1800 prompts (cap=256)
The following generation flags are not valid and may be ignored: ['temperature', 'top_p', 'top_k']. Set `TRANSFORMERS_VERBOSITY=info` for more details.
generated 696/1800 prompts (cap=256)
The following generation flags are not valid and may be ignored: ['temperature', 'top_p', 'top_k']. Set `TRANSFORMERS_VERBOSITY=info` for more details.
generated 720/1800 prompts (cap=256)
The following generation flags are not valid and may be ignored: ['temperature', 'top_p', 'top_k']. Set `TRANSFORMERS_VERBOSITY=info` for more details.
generated 744/1800 prompts (cap=256)
The following generation flags are not valid and may be ignored: ['temperature', 'top_p', 'top_k']. Set `TRANSFORMERS_VERBOSITY=info` for more details.
generated 768/1800 prompts (cap=256)
The following generation flags are not valid and may be ignored: ['temperature', 'top_p', 'top_k']. Set `TRANSFORMERS_VERBOSITY=info` for more details.
generated 792/1800 prompts (cap=256)
The following generation flags are not valid and may be ignored: ['temperature', 'top_p', 'top_k']. Set `TRANSFORMERS_VERBOSITY=info` for more details.
generated 816/1800 prompts (cap=256)
The following generation flags are not valid and may be ignored: ['temperature', 'top_p', 'top_k']. Set `TRANSFORMERS_VERBOSITY=info` for more details.
generated 840/1800 prompts (cap=256)
The following generation flags are not valid and may be ignored: ['temperature', 'top_p', 'top_k']. Set `TRANSFORMERS_VERBOSITY=info` for more details.
generated 864/1800 prompts (cap=256)
The following generation flags are not valid and may be ignored: ['temperature', 'top_p', 'top_k']. Set `TRANSFORMERS_VERBOSITY=info` for more details.
generated 888/1800 prompts (cap=256)
The following generation flags are not valid and may be ignored: ['temperature', 'top_p', 'top_k']. Set `TRANSFORMERS_VERBOSITY=info` for more details.
generated 912/1800 prompts (cap=256)
The following generation flags are not valid and may be ignored: ['temperature', 'top_p', 'top_k']. Set `TRANSFORMERS_VERBOSITY=info` for more details.
generated 936/1800 prompts (cap=256)
The following generation flags are not valid and may be ignored: ['temperature', 'top_p', 'top_k']. Set `TRANSFORMERS_VERBOSITY=info` for more details.
generated 960/1800 prompts (cap=256)
The following generation flags are not valid and may be ignored: ['temperature', 'top_p', 'top_k']. Set `TRANSFORMERS_VERBOSITY=info` for more details.
generated 984/1800 prompts (cap=256)
The following generation flags are not valid and may be ignored: ['temperature', 'top_p', 'top_k']. Set `TRANSFORMERS_VERBOSITY=info` for more details.
generated 1008/1800 prompts (cap=256)
The following generation flags are not valid and may be ignored: ['temperature', 'top_p', 'top_k']. Set `TRANSFORMERS_VERBOSITY=info` for more details.
generated 1032/1800 prompts (cap=256)
The following generation flags are not valid and may be ignored: ['temperature', 'top_p', 'top_k']. Set `TRANSFORMERS_VERBOSITY=info` for more details.
generated 1056/1800 prompts (cap=256)
The following generation flags are not valid and may be ignored: ['temperature', 'top_p', 'top_k']. Set `TRANSFORMERS_VERBOSITY=info` for more details.
generated 1080/1800 prompts (cap=256)
The following generation flags are not valid and may be ignored: ['temperature', 'top_p', 'top_k']. Set `TRANSFORMERS_VERBOSITY=info` for more details.
generated 1104/1800 prompts (cap=256)
The following generation flags are not valid and may be ignored: ['temperature', 'top_p', 'top_k']. Set `TRANSFORMERS_VERBOSITY=info` for more details.
generated 1128/1800 prompts (cap=256)
The following generation flags are not valid and may be ignored: ['temperature', 'top_p', 'top_k']. Set `TRANSFORMERS_VERBOSITY=info` for more details.
generated 1152/1800 prompts (cap=256)
The following generation flags are not valid and may be ignored: ['temperature', 'top_p', 'top_k']. Set `TRANSFORMERS_VERBOSITY=info` for more details.
generated 1176/1800 prompts (cap=256)
The following generation flags are not valid and may be ignored: ['temperature', 'top_p', 'top_k']. Set `TRANSFORMERS_VERBOSITY=info` for more details.
generated 1200/1800 prompts (cap=256)
The following generation flags are not valid and may be ignored: ['temperature', 'top_p', 'top_k']. Set `TRANSFORMERS_VERBOSITY=info` for more details.
generated 1224/1800 prompts (cap=256)
The following generation flags are not valid and may be ignored: ['temperature', 'top_p', 'top_k']. Set `TRANSFORMERS_VERBOSITY=info` for more details.
generated 1248/1800 prompts (cap=256)
The following generation flags are not valid and may be ignored: ['temperature', 'top_p', 'top_k']. Set `TRANSFORMERS_VERBOSITY=info` for more details.
generated 1272/1800 prompts (cap=256)
The following generation flags are not valid and may be ignored: ['temperature', 'top_p', 'top_k']. Set `TRANSFORMERS_VERBOSITY=info` for more details.
generated 1296/1800 prompts (cap=256)
The following generation flags are not valid and may be ignored: ['temperature', 'top_p', 'top_k']. Set `TRANSFORMERS_VERBOSITY=info` for more details.
generated 1320/1800 prompts (cap=256)
The following generation flags are not valid and may be ignored: ['temperature', 'top_p', 'top_k']. Set `TRANSFORMERS_VERBOSITY=info` for more details.
generated 1344/1800 prompts (cap=256)
The following generation flags are not valid and may be ignored: ['temperature', 'top_p', 'top_k']. Set `TRANSFORMERS_VERBOSITY=info` for more details.
generated 1368/1800 prompts (cap=256)
The following generation flags are not valid and may be ignored: ['temperature', 'top_p', 'top_k']. Set `TRANSFORMERS_VERBOSITY=info` for more details.
generated 1392/1800 prompts (cap=256)
The following generation flags are not valid and may be ignored: ['temperature', 'top_p', 'top_k']. Set `TRANSFORMERS_VERBOSITY=info` for more details.
generated 1416/1800 prompts (cap=256)
The following generation flags are not valid and may be ignored: ['temperature', 'top_p', 'top_k']. Set `TRANSFORMERS_VERBOSITY=info` for more details.
generated 1440/1800 prompts (cap=256)
The following generation flags are not valid and may be ignored: ['temperature', 'top_p', 'top_k']. Set `TRANSFORMERS_VERBOSITY=info` for more details.
generated 1464/1800 prompts (cap=256)
The following generation flags are not valid and may be ignored: ['temperature', 'top_p', 'top_k']. Set `TRANSFORMERS_VERBOSITY=info` for more details.
generated 1488/1800 prompts (cap=256)
The following generation flags are not valid and may be ignored: ['temperature', 'top_p', 'top_k']. Set `TRANSFORMERS_VERBOSITY=info` for more details.
generated 1512/1800 prompts (cap=256)
The following generation flags are not valid and may be ignored: ['temperature', 'top_p', 'top_k']. Set `TRANSFORMERS_VERBOSITY=info` for more details.
generated 1536/1800 prompts (cap=256)
The following generation flags are not valid and may be ignored: ['temperature', 'top_p', 'top_k']. Set `TRANSFORMERS_VERBOSITY=info` for more details.
generated 1560/1800 prompts (cap=256)
The following generation flags are not valid and may be ignored: ['temperature', 'top_p', 'top_k']. Set `TRANSFORMERS_VERBOSITY=info` for more details.
generated 1584/1800 prompts (cap=256)
The following generation flags are not valid and may be ignored: ['temperature', 'top_p', 'top_k']. Set `TRANSFORMERS_VERBOSITY=info` for more details.
generated 1608/1800 prompts (cap=256)
The following generation flags are not valid and may be ignored: ['temperature', 'top_p', 'top_k']. Set `TRANSFORMERS_VERBOSITY=info` for more details.
generated 1632/1800 prompts (cap=256)
The following generation flags are not valid and may be ignored: ['temperature', 'top_p', 'top_k']. Set `TRANSFORMERS_VERBOSITY=info` for more details.
generated 1656/1800 prompts (cap=256)
The following generation flags are not valid and may be ignored: ['temperature', 'top_p', 'top_k']. Set `TRANSFORMERS_VERBOSITY=info` for more details.
generated 1680/1800 prompts (cap=256)
The following generation flags are not valid and may be ignored: ['temperature', 'top_p', 'top_k']. Set `TRANSFORMERS_VERBOSITY=info` for more details.
generated 1704/1800 prompts (cap=256)
The following generation flags are not valid and may be ignored: ['temperature', 'top_p', 'top_k']. Set `TRANSFORMERS_VERBOSITY=info` for more details.
generated 1728/1800 prompts (cap=256)
The following generation flags are not valid and may be ignored: ['temperature', 'top_p', 'top_k']. Set `TRANSFORMERS_VERBOSITY=info` for more details.
generated 1752/1800 prompts (cap=256)
The following generation flags are not valid and may be ignored: ['temperature', 'top_p', 'top_k']. Set `TRANSFORMERS_VERBOSITY=info` for more details.
generated 1776/1800 prompts (cap=256)
The following generation flags are not valid and may be ignored: ['temperature', 'top_p', 'top_k']. Set `TRANSFORMERS_VERBOSITY=info` for more details.
generated 1800/1800 prompts (cap=256)
{
  "classification": "RQ7_QUALIFIED_CELL_SELECTED",
  "selected": "F1_add_depth1",
  "cells": [
    {
      "cell_id": "F1_add_depth1",
      "family": "F1",
      "difficulty": 1,
      "n": 300,
      "n_expected": 300,
      "A_silent_correct": 270,
      "A_silent_accuracy": 0.9,
      "A_format_valid": 300,
      "A_format_valid_rate": 1.0,
      "A_checkpoint_silence_verified": true,
      "A_mistakes": 30,
      "A_mistakes_projected_to_1600": 160.0,
      "B_restart_correct": 32,
      "B_restart_accuracy": 0.10666666666666667,
      "B_restart_valid": 300,
      "B_restart_valid_rate": 1.0,
      "B_restart_reason_correct": 300,
      "B_restart_reason_accuracy": 1.0,
      "B_oracle_correct": 245,
      "B_oracle_accuracy": 0.8166666666666667,
      "B_oracle_valid": 300,
      "B_oracle_valid_rate": 1.0,
      "B_oracle_minus_B_restart": 0.71,
      "B_oracle_follow_A_count": 269,
      "B_oracle_follow_A_n": 300,
      "B_oracle_follow_A_rate": 0.8966666666666666,
      "gates": {
        "A_silent": true,
        "A_checkpoint_silence_by_construction": true,
        "B_oracle": true,
        "B_oracle_minus_B_restart": true,
        "A_mistakes_projected": true,
        "sample_size": true
      },
      "failed_gates": [],
      "passed": true
    },
    {
      "cell_id": "F1_add_depth2",
      "family": "F1",
      "difficulty": 2,
      "n": 300,
      "n_expected": 300,
      "A_silent_correct": 60,
      "A_silent_accuracy": 0.2,
      "A_format_valid": 300,
      "A_format_valid_rate": 1.0,
      "A_checkpoint_silence_verified": true,
      "A_mistakes": 240,
      "A_mistakes_projected_to_1600": 1280.0,
      "B_restart_correct": 27,
      "B_restart_accuracy": 0.09,
      "B_restart_valid": 300,
      "B_restart_valid_rate": 1.0,
      "B_restart_reason_correct": 300,
      "B_restart_reason_accuracy": 1.0,
      "B_oracle_correct": 54,
      "B_oracle_accuracy": 0.18,
      "B_oracle_valid": 300,
      "B_oracle_valid_rate": 1.0,
      "B_oracle_minus_B_restart": 0.09,
      "B_oracle_follow_A_count": 264,
      "B_oracle_follow_A_n": 300,
      "B_oracle_follow_A_rate": 0.88,
      "gates": {
        "A_silent": false,
        "A_checkpoint_silence_by_construction": true,
        "B_oracle": false,
        "B_oracle_minus_B_restart": false,
        "A_mistakes_projected": true,
        "sample_size": true
      },
      "failed_gates": [
        "A_silent",
        "B_oracle",
        "B_oracle_minus_B_restart"
      ],
      "passed": false
    },
    {
      "cell_id": "F2_add_mod100",
      "family": "F2",
      "difficulty": "+",
      "n": 300,
      "n_expected": 300,
      "A_silent_correct": 251,
      "A_silent_accuracy": 0.8366666666666667,
      "A_format_valid": 300,
      "A_format_valid_rate": 1.0,
      "A_checkpoint_silence_verified": true,
      "A_mistakes": 49,
      "A_mistakes_projected_to_1600": 261.3333333333333,
      "B_restart_correct": 1,
      "B_restart_accuracy": 0.0033333333333333335,
      "B_restart_valid": 300,
      "B_restart_valid_rate": 1.0,
      "B_restart_reason_correct": 300,
      "B_restart_reason_accuracy": 1.0,
      "B_oracle_correct": 80,
      "B_oracle_accuracy": 0.26666666666666666,
      "B_oracle_valid": 300,
      "B_oracle_valid_rate": 1.0,
      "B_oracle_minus_B_restart": 0.2633333333333333,
      "B_oracle_follow_A_count": 92,
      "B_oracle_follow_A_n": 300,
      "B_oracle_follow_A_rate": 0.30666666666666664,
      "gates": {
        "A_silent": true,
        "A_checkpoint_silence_by_construction": true,
        "B_oracle": false,
        "B_oracle_minus_B_restart": true,
        "A_mistakes_projected": true,
        "sample_size": true
      },
      "failed_gates": [
        "B_oracle"
      ],
      "passed": false
    },
    {
      "cell_id": "F2_multiply_mod100",
      "family": "F2",
      "difficulty": "\u00d7",
      "n": 300,
      "n_expected": 300,
      "A_silent_correct": 30,
      "A_silent_accuracy": 0.1,
      "A_format_valid": 300,
      "A_format_valid_rate": 1.0,
      "A_checkpoint_silence_verified": true,
      "A_mistakes": 270,
      "A_mistakes_projected_to_1600": 1440.0,
      "B_restart_correct": 2,
      "B_restart_accuracy": 0.006666666666666667,
      "B_restart_valid": 300,
      "B_restart_valid_rate": 1.0,
      "B_restart_reason_correct": 286,
      "B_restart_reason_accuracy": 0.9533333333333334,
      "B_oracle_correct": 7,
      "B_oracle_accuracy": 0.023333333333333334,
      "B_oracle_valid": 300,
      "B_oracle_valid_rate": 1.0,
      "B_oracle_minus_B_restart": 0.016666666666666666,
      "B_oracle_follow_A_count": 23,
      "B_oracle_follow_A_n": 300,
      "B_oracle_follow_A_rate": 0.07666666666666666,
      "gates": {
        "A_silent": false,
        "A_checkpoint_silence_by_construction": true,
        "B_oracle": false,
        "B_oracle_minus_B_restart": false,
        "A_mistakes_projected": true,
        "sample_size": true
      },
      "failed_gates": [
        "A_silent",
        "B_oracle",
        "B_oracle_minus_B_restart"
      ],
      "passed": false
    },
    {
      "cell_id": "F3_lookup_depth1",
      "family": "F3",
      "difficulty": 1,
      "n": 300,
      "n_expected": 300,
      "A_silent_correct": 300,
      "A_silent_accuracy": 1.0,
      "A_format_valid": 300,
      "A_format_valid_rate": 1.0,
      "A_checkpoint_silence_verified": true,
      "A_mistakes": 0,
      "A_mistakes_projected_to_1600": 0.0,
      "B_restart_correct": 88,
      "B_restart_accuracy": 0.29333333333333333,
      "B_restart_valid": 300,
      "B_restart_valid_rate": 1.0,
      "B_restart_reason_correct": 300,
      "B_restart_reason_accuracy": 1.0,
      "B_oracle_correct": 193,
      "B_oracle_accuracy": 0.6433333333333333,
      "B_oracle_valid": 300,
      "B_oracle_valid_rate": 1.0,
      "B_oracle_minus_B_restart": 0.35,
      "B_oracle_follow_A_count": 193,
      "B_oracle_follow_A_n": 300,
      "B_oracle_follow_A_rate": 0.6433333333333333,
      "gates": {
        "A_silent": true,
        "A_checkpoint_silence_by_construction": true,
        "B_oracle": false,
        "B_oracle_minus_B_restart": true,
        "A_mistakes_projected": false,
        "sample_size": true
      },
      "failed_gates": [
        "B_oracle",
        "A_mistakes_projected"
      ],
      "passed": false
    },
    {
      "cell_id": "F3_lookup_depth2",
      "family": "F3",
      "difficulty": 2,
      "n": 300,
      "n_expected": 300,
      "A_silent_correct": 95,
      "A_silent_accuracy": 0.31666666666666665,
      "A_format_valid": 300,
      "A_format_valid_rate": 1.0,
      "A_checkpoint_silence_verified": true,
      "A_mistakes": 205,
      "A_mistakes_projected_to_1600": 1093.3333333333333,
      "B_restart_correct": 33,
      "B_restart_accuracy": 0.11,
      "B_restart_valid": 300,
      "B_restart_valid_rate": 1.0,
      "B_restart_reason_correct": 300,
      "B_restart_reason_accuracy": 1.0,
      "B_oracle_correct": 68,
      "B_oracle_accuracy": 0.22666666666666666,
      "B_oracle_valid": 300,
      "B_oracle_valid_rate": 1.0,
      "B_oracle_minus_B_restart": 0.11666666666666665,
      "B_oracle_follow_A_count": 215,
      "B_oracle_follow_A_n": 300,
      "B_oracle_follow_A_rate": 0.7166666666666667,
      "gates": {
        "A_silent": false,
        "A_checkpoint_silence_by_construction": true,
        "B_oracle": false,
        "B_oracle_minus_B_restart": false,
        "A_mistakes_projected": true,
        "sample_size": true
      },
      "failed_gates": [
        "A_silent",
        "B_oracle",
        "B_oracle_minus_B_restart"
      ],
      "passed": false
    }
  ]
}
