
$ /usr/local/bin/python /root/scripts/rq6_qualification.py --receiver-probe --protocol-json /root/evidence/rq6_build_2026-10-04/RQ6_PROTOCOL.json --out-dir /artifacts/rq6-receiver-probe-c17143f16d85-46a360f4
Loading checkpoint shards:   0%|          | 0/3 [00:00<?, ?it/s]Loading checkpoint shards:  33%|███▎      | 1/3 [00:06<00:12,  6.14s/it]Loading checkpoint shards:  67%|██████▋   | 2/3 [00:12<00:06,  6.06s/it]Loading checkpoint shards: 100%|██████████| 3/3 [00:12<00:00,  3.37s/it]Loading checkpoint shards: 100%|██████████| 3/3 [00:12<00:00,  4.10s/it]
The following generation flags are not valid and may be ignored: ['temperature', 'top_p', 'top_k']. Set `TRANSFORMERS_VERBOSITY=info` for more details.
RQ6_GENERATE 8 / 32
The following generation flags are not valid and may be ignored: ['temperature', 'top_p', 'top_k']. Set `TRANSFORMERS_VERBOSITY=info` for more details.
RQ6_GENERATE 16 / 32
The following generation flags are not valid and may be ignored: ['temperature', 'top_p', 'top_k']. Set `TRANSFORMERS_VERBOSITY=info` for more details.
RQ6_GENERATE 24 / 32
The following generation flags are not valid and may be ignored: ['temperature', 'top_p', 'top_k']. Set `TRANSFORMERS_VERBOSITY=info` for more details.
RQ6_GENERATE 32 / 32
Loading checkpoint shards:   0%|          | 0/2 [00:00<?, ?it/s]Loading checkpoint shards:  50%|█████     | 1/2 [00:05<00:05,  5.12s/it]Loading checkpoint shards: 100%|██████████| 2/2 [00:06<00:00,  2.68s/it]Loading checkpoint shards: 100%|██████████| 2/2 [00:06<00:00,  3.05s/it]
The following generation flags are not valid and may be ignored: ['temperature', 'top_p', 'top_k']. Set `TRANSFORMERS_VERBOSITY=info` for more details.
RQ6_GENERATE 32 / 60
The following generation flags are not valid and may be ignored: ['temperature', 'top_p', 'top_k']. Set `TRANSFORMERS_VERBOSITY=info` for more details.
RQ6_GENERATE 60 / 60
{
  "a_final_correct_vs_truth_n": 22,
  "evidence_kind": "inference_only_probe_not_qualification",
  "n_generated_episodes": 32,
  "oracle_accuracy_vs_truth_s11": 0.2,
  "oracle_fidelity_to_A_s11": 0.16666666666666666,
  "oracle_fidelity_to_A_s11_over_all_generated_unparsed_failed": 0.15625,
  "oracle_gate_reference_threshold": 0.7,
  "oracle_parse_rate": 0.9333333333333333,
  "program_rendering": "B's copy of the program numbers each update line as 'Update K: <line>' (K=1..D in order); the initial assignments stay unnumbered; A's source prompt is unchanged",
  "protocol_sha256": "a2aff0f7e5336d75a4179af919924840bd38c9a0de26f91554b06cf3a1b4b6b1",
  "receiver_s9_s10_equal_A_s8_counts": {
    "oracle_state": 24,
    "restart": 0
  },
  "restart_accuracy_vs_truth_s11": 0.0,
  "restart_fidelity_to_A_s11": 0.0,
  "restart_parse_rate": 0.03333333333333333,
  "schema": "rq6_receiver_probe_v1",
  "seconds_source": 143.22469168700002,
  "seconds_total": 169.28303469300002,
  "source_parse_n": 30,
  "source_parse_rate": 0.9375
}
