{
  "classification": "SMOKE_ONLY_NO_QUALIFICATION",
  "selected": null,
  "cells": [
    {
      "cell_id": "F1_add_depth1",
      "family": "F1",
      "difficulty": 1,
      "n": 3,
      "n_expected": 300,
      "A_silent_correct": 2,
      "A_silent_accuracy": 0.6666666666666666,
      "A_format_valid": 3,
      "A_format_valid_rate": 1.0,
      "A_mistakes": 1,
      "A_mistakes_projected_to_1600": 533.3333333333334,
      "B_restart_correct": 1,
      "B_restart_accuracy": 0.3333333333333333,
      "B_restart_reason_correct": 3,
      "B_restart_reason_accuracy": 1.0,
      "B_oracle_correct": 3,
      "B_oracle_accuracy": 1.0,
      "B_oracle_minus_B_restart": 0.6666666666666667,
      "B_oracle_follow_A_count": 2,
      "B_oracle_follow_A_n": 3,
      "B_oracle_follow_A_rate": 0.6666666666666666,
      "gates": {
        "A_silent": false,
        "A_format_valid": true,
        "B_oracle": true,
        "B_oracle_minus_B_restart": true,
        "A_mistakes_projected": true,
        "sample_size": false
      },
      "failed_gates": [
        "A_silent",
        "sample_size"
      ],
      "passed": false
    },
    {
      "cell_id": "F1_add_depth2",
      "family": "F1",
      "difficulty": 2,
      "n": 3,
      "n_expected": 300,
      "A_silent_correct": 2,
      "A_silent_accuracy": 0.6666666666666666,
      "A_format_valid": 3,
      "A_format_valid_rate": 1.0,
      "A_mistakes": 1,
      "A_mistakes_projected_to_1600": 533.3333333333334,
      "B_restart_correct": 1,
      "B_restart_accuracy": 0.3333333333333333,
      "B_restart_reason_correct": 3,
      "B_restart_reason_accuracy": 1.0,
      "B_oracle_correct": 3,
      "B_oracle_accuracy": 1.0,
      "B_oracle_minus_B_restart": 0.6666666666666667,
      "B_oracle_follow_A_count": 2,
      "B_oracle_follow_A_n": 3,
      "B_oracle_follow_A_rate": 0.6666666666666666,
      "gates": {
        "A_silent": false,
        "A_format_valid": true,
        "B_oracle": true,
        "B_oracle_minus_B_restart": true,
        "A_mistakes_projected": true,
        "sample_size": false
      },
      "failed_gates": [
        "A_silent",
        "sample_size"
      ],
      "passed": false
    },
    {
      "cell_id": "F2_add_mod100",
      "family": "F2",
      "difficulty": "+",
      "n": 3,
      "n_expected": 300,
      "A_silent_correct": 2,
      "A_silent_accuracy": 0.6666666666666666,
      "A_format_valid": 3,
      "A_format_valid_rate": 1.0,
      "A_mistakes": 1,
      "A_mistakes_projected_to_1600": 533.3333333333334,
      "B_restart_correct": 1,
      "B_restart_accuracy": 0.3333333333333333,
      "B_restart_reason_correct": 3,
      "B_restart_reason_accuracy": 1.0,
      "B_oracle_correct": 3,
      "B_oracle_accuracy": 1.0,
      "B_oracle_minus_B_restart": 0.6666666666666667,
      "B_oracle_follow_A_count": 2,
      "B_oracle_follow_A_n": 3,
      "B_oracle_follow_A_rate": 0.6666666666666666,
      "gates": {
        "A_silent": false,
        "A_format_valid": true,
        "B_oracle": true,
        "B_oracle_minus_B_restart": true,
        "A_mistakes_projected": true,
        "sample_size": false
      },
      "failed_gates": [
        "A_silent",
        "sample_size"
      ],
      "passed": false
    },
    {
      "cell_id": "F2_multiply_mod100",
      "family": "F2",
      "difficulty": "\u00d7",
      "n": 3,
      "n_expected": 300,
      "A_silent_correct": 2,
      "A_silent_accuracy": 0.6666666666666666,
      "A_format_valid": 3,
      "A_format_valid_rate": 1.0,
      "A_mistakes": 1,
      "A_mistakes_projected_to_1600": 533.3333333333334,
      "B_restart_correct": 1,
      "B_restart_accuracy": 0.3333333333333333,
      "B_restart_reason_correct": 3,
      "B_restart_reason_accuracy": 1.0,
      "B_oracle_correct": 3,
      "B_oracle_accuracy": 1.0,
      "B_oracle_minus_B_restart": 0.6666666666666667,
      "B_oracle_follow_A_count": 2,
      "B_oracle_follow_A_n": 3,
      "B_oracle_follow_A_rate": 0.6666666666666666,
      "gates": {
        "A_silent": false,
        "A_format_valid": true,
        "B_oracle": true,
        "B_oracle_minus_B_restart": true,
        "A_mistakes_projected": true,
        "sample_size": false
      },
      "failed_gates": [
        "A_silent",
        "sample_size"
      ],
      "passed": false
    },
    {
      "cell_id": "F3_lookup_depth1",
      "family": "F3",
      "difficulty": 1,
      "n": 3,
      "n_expected": 300,
      "A_silent_correct": 2,
      "A_silent_accuracy": 0.6666666666666666,
      "A_format_valid": 3,
      "A_format_valid_rate": 1.0,
      "A_mistakes": 1,
      "A_mistakes_projected_to_1600": 533.3333333333334,
      "B_restart_correct": 1,
      "B_restart_accuracy": 0.3333333333333333,
      "B_restart_reason_correct": 3,
      "B_restart_reason_accuracy": 1.0,
      "B_oracle_correct": 3,
      "B_oracle_accuracy": 1.0,
      "B_oracle_minus_B_restart": 0.6666666666666667,
      "B_oracle_follow_A_count": 2,
      "B_oracle_follow_A_n": 3,
      "B_oracle_follow_A_rate": 0.6666666666666666,
      "gates": {
        "A_silent": false,
        "A_format_valid": true,
        "B_oracle": true,
        "B_oracle_minus_B_restart": true,
        "A_mistakes_projected": true,
        "sample_size": false
      },
      "failed_gates": [
        "A_silent",
        "sample_size"
      ],
      "passed": false
    },
    {
      "cell_id": "F3_lookup_depth2",
      "family": "F3",
      "difficulty": 2,
      "n": 3,
      "n_expected": 300,
      "A_silent_correct": 2,
      "A_silent_accuracy": 0.6666666666666666,
      "A_format_valid": 3,
      "A_format_valid_rate": 1.0,
      "A_mistakes": 1,
      "A_mistakes_projected_to_1600": 533.3333333333334,
      "B_restart_correct": 1,
      "B_restart_accuracy": 0.3333333333333333,
      "B_restart_reason_correct": 3,
      "B_restart_reason_accuracy": 1.0,
      "B_oracle_correct": 3,
      "B_oracle_accuracy": 1.0,
      "B_oracle_minus_B_restart": 0.6666666666666667,
      "B_oracle_follow_A_count": 2,
      "B_oracle_follow_A_n": 3,
      "B_oracle_follow_A_rate": 0.6666666666666666,
      "gates": {
        "A_silent": false,
        "A_format_valid": true,
        "B_oracle": true,
        "B_oracle_minus_B_restart": true,
        "A_mistakes_projected": true,
        "sample_size": false
      },
      "failed_gates": [
        "A_silent",
        "sample_size"
      ],
      "passed": false
    }
  ]
}
