RQ7 mode=gpu_smoke cells=6 n_per_cell=2 episodes=12 seed=20261009
Loading checkpoint shards:   0%|          | 0/3 [00:00<?, ?it/s]Loading checkpoint shards:  33%|███▎      | 1/3 [00:06<00:12,  6.36s/it]Loading checkpoint shards:  67%|██████▋   | 2/3 [00:13<00:06,  6.68s/it]Loading checkpoint shards: 100%|██████████| 3/3 [00:13<00:00,  3.72s/it]Loading checkpoint shards: 100%|██████████| 3/3 [00:13<00:00,  4.49s/it]
The following generation flags are not valid and may be ignored: ['temperature', 'top_p', 'top_k']. Set `TRANSFORMERS_VERBOSITY=info` for more details.
generated 12/12 prompts (cap=8)
Loading checkpoint shards:   0%|          | 0/2 [00:00<?, ?it/s]Loading checkpoint shards:  50%|█████     | 1/2 [00:05<00:05,  5.60s/it]Loading checkpoint shards: 100%|██████████| 2/2 [00:07<00:00,  3.19s/it]Loading checkpoint shards: 100%|██████████| 2/2 [00:07<00:00,  3.56s/it]
The following generation flags are not valid and may be ignored: ['temperature', 'top_p', 'top_k']. Set `TRANSFORMERS_VERBOSITY=info` for more details.
generated 12/12 prompts (cap=4)
The following generation flags are not valid and may be ignored: ['temperature', 'top_p', 'top_k']. Set `TRANSFORMERS_VERBOSITY=info` for more details.
generated 12/12 prompts (cap=128)
The following generation flags are not valid and may be ignored: ['temperature', 'top_p', 'top_k']. Set `TRANSFORMERS_VERBOSITY=info` for more details.
generated 2/2 prompts (cap=4)
{
  "classification": "SMOKE_ONLY_NO_QUALIFICATION",
  "selected": null,
  "cells": [
    {
      "cell_id": "F1_add_depth1",
      "family": "F1",
      "difficulty": 1,
      "n": 2,
      "n_expected": 300,
      "A_silent_correct": 0,
      "A_silent_accuracy": 0.0,
      "A_format_valid": 0,
      "A_format_valid_rate": 0.0,
      "A_mistakes": 2,
      "A_mistakes_projected_to_1600": 1600.0,
      "B_restart_correct": 0,
      "B_restart_accuracy": 0.0,
      "B_restart_reason_correct": 0,
      "B_restart_reason_accuracy": 0.0,
      "B_oracle_correct": 0,
      "B_oracle_accuracy": 0.0,
      "B_oracle_minus_B_restart": 0.0,
      "B_oracle_follow_A_count": 0,
      "B_oracle_follow_A_n": 0,
      "B_oracle_follow_A_rate": null,
      "gates": {
        "A_silent": false,
        "A_format_valid": false,
        "B_oracle": false,
        "B_oracle_minus_B_restart": false,
        "A_mistakes_projected": true,
        "sample_size": false
      },
      "failed_gates": [
        "A_silent",
        "A_format_valid",
        "B_oracle",
        "B_oracle_minus_B_restart",
        "sample_size"
      ],
      "passed": false
    },
    {
      "cell_id": "F1_add_depth2",
      "family": "F1",
      "difficulty": 2,
      "n": 2,
      "n_expected": 300,
      "A_silent_correct": 0,
      "A_silent_accuracy": 0.0,
      "A_format_valid": 0,
      "A_format_valid_rate": 0.0,
      "A_mistakes": 2,
      "A_mistakes_projected_to_1600": 1600.0,
      "B_restart_correct": 0,
      "B_restart_accuracy": 0.0,
      "B_restart_reason_correct": 0,
      "B_restart_reason_accuracy": 0.0,
      "B_oracle_correct": 0,
      "B_oracle_accuracy": 0.0,
      "B_oracle_minus_B_restart": 0.0,
      "B_oracle_follow_A_count": 0,
      "B_oracle_follow_A_n": 0,
      "B_oracle_follow_A_rate": null,
      "gates": {
        "A_silent": false,
        "A_format_valid": false,
        "B_oracle": false,
        "B_oracle_minus_B_restart": false,
        "A_mistakes_projected": true,
        "sample_size": false
      },
      "failed_gates": [
        "A_silent",
        "A_format_valid",
        "B_oracle",
        "B_oracle_minus_B_restart",
        "sample_size"
      ],
      "passed": false
    },
    {
      "cell_id": "F2_add_mod100",
      "family": "F2",
      "difficulty": "+",
      "n": 2,
      "n_expected": 300,
      "A_silent_correct": 0,
      "A_silent_accuracy": 0.0,
      "A_format_valid": 0,
      "A_format_valid_rate": 0.0,
      "A_mistakes": 2,
      "A_mistakes_projected_to_1600": 1600.0,
      "B_restart_correct": 0,
      "B_restart_accuracy": 0.0,
      "B_restart_reason_correct": 0,
      "B_restart_reason_accuracy": 0.0,
      "B_oracle_correct": 0,
      "B_oracle_accuracy": 0.0,
      "B_oracle_minus_B_restart": 0.0,
      "B_oracle_follow_A_count": 0,
      "B_oracle_follow_A_n": 0,
      "B_oracle_follow_A_rate": null,
      "gates": {
        "A_silent": false,
        "A_format_valid": false,
        "B_oracle": false,
        "B_oracle_minus_B_restart": false,
        "A_mistakes_projected": true,
        "sample_size": false
      },
      "failed_gates": [
        "A_silent",
        "A_format_valid",
        "B_oracle",
        "B_oracle_minus_B_restart",
        "sample_size"
      ],
      "passed": false
    },
    {
      "cell_id": "F2_multiply_mod100",
      "family": "F2",
      "difficulty": "\u00d7",
      "n": 2,
      "n_expected": 300,
      "A_silent_correct": 0,
      "A_silent_accuracy": 0.0,
      "A_format_valid": 0,
      "A_format_valid_rate": 0.0,
      "A_mistakes": 2,
      "A_mistakes_projected_to_1600": 1600.0,
      "B_restart_correct": 0,
      "B_restart_accuracy": 0.0,
      "B_restart_reason_correct": 2,
      "B_restart_reason_accuracy": 1.0,
      "B_oracle_correct": 0,
      "B_oracle_accuracy": 0.0,
      "B_oracle_minus_B_restart": 0.0,
      "B_oracle_follow_A_count": 0,
      "B_oracle_follow_A_n": 0,
      "B_oracle_follow_A_rate": null,
      "gates": {
        "A_silent": false,
        "A_format_valid": false,
        "B_oracle": false,
        "B_oracle_minus_B_restart": false,
        "A_mistakes_projected": true,
        "sample_size": false
      },
      "failed_gates": [
        "A_silent",
        "A_format_valid",
        "B_oracle",
        "B_oracle_minus_B_restart",
        "sample_size"
      ],
      "passed": false
    },
    {
      "cell_id": "F3_lookup_depth1",
      "family": "F3",
      "difficulty": 1,
      "n": 2,
      "n_expected": 300,
      "A_silent_correct": 2,
      "A_silent_accuracy": 1.0,
      "A_format_valid": 2,
      "A_format_valid_rate": 1.0,
      "A_mistakes": 0,
      "A_mistakes_projected_to_1600": 0.0,
      "B_restart_correct": 0,
      "B_restart_accuracy": 0.0,
      "B_restart_reason_correct": 0,
      "B_restart_reason_accuracy": 0.0,
      "B_oracle_correct": 0,
      "B_oracle_accuracy": 0.0,
      "B_oracle_minus_B_restart": 0.0,
      "B_oracle_follow_A_count": 0,
      "B_oracle_follow_A_n": 0,
      "B_oracle_follow_A_rate": null,
      "gates": {
        "A_silent": true,
        "A_format_valid": true,
        "B_oracle": false,
        "B_oracle_minus_B_restart": false,
        "A_mistakes_projected": false,
        "sample_size": false
      },
      "failed_gates": [
        "B_oracle",
        "B_oracle_minus_B_restart",
        "A_mistakes_projected",
        "sample_size"
      ],
      "passed": false
    },
    {
      "cell_id": "F3_lookup_depth2",
      "family": "F3",
      "difficulty": 2,
      "n": 2,
      "n_expected": 300,
      "A_silent_correct": 0,
      "A_silent_accuracy": 0.0,
      "A_format_valid": 0,
      "A_format_valid_rate": 0.0,
      "A_mistakes": 2,
      "A_mistakes_projected_to_1600": 1600.0,
      "B_restart_correct": 0,
      "B_restart_accuracy": 0.0,
      "B_restart_reason_correct": 0,
      "B_restart_reason_accuracy": 0.0,
      "B_oracle_correct": 0,
      "B_oracle_accuracy": 0.0,
      "B_oracle_minus_B_restart": 0.0,
      "B_oracle_follow_A_count": 0,
      "B_oracle_follow_A_n": 0,
      "B_oracle_follow_A_rate": null,
      "gates": {
        "A_silent": false,
        "A_format_valid": false,
        "B_oracle": false,
        "B_oracle_minus_B_restart": false,
        "A_mistakes_projected": true,
        "sample_size": false
      },
      "failed_gates": [
        "A_silent",
        "A_format_valid",
        "B_oracle",
        "B_oracle_minus_B_restart",
        "sample_size"
      ],
      "passed": false
    }
  ]
}
